Component: ARM Compiler 5.06 update 5 (build 528) Tool: armlink [4d35e2]

==============================================================================

Section Cross References

    startup_stm32f407xx.o(RESET) refers to startup_stm32f407xx.o(STACK) for __initial_sp
    startup_stm32f407xx.o(RESET) refers to startup_stm32f407xx.o(.text) for Reset_Handler
    startup_stm32f407xx.o(RESET) refers to stm32f4xx_it.o(i.NMI_Handler) for NMI_Handler
    startup_stm32f407xx.o(RESET) refers to stm32f4xx_it.o(i.HardFault_Handler) for HardFault_Handler
    startup_stm32f407xx.o(RESET) refers to stm32f4xx_it.o(i.MemManage_Handler) for MemManage_Handler
    startup_stm32f407xx.o(RESET) refers to stm32f4xx_it.o(i.BusFault_Handler) for BusFault_Handler
    startup_stm32f407xx.o(RESET) refers to stm32f4xx_it.o(i.UsageFault_Handler) for UsageFault_Handler
    startup_stm32f407xx.o(RESET) refers to stm32f4xx_it.o(i.SVC_Handler) for SVC_Handler
    startup_stm32f407xx.o(RESET) refers to stm32f4xx_it.o(i.DebugMon_Handler) for DebugMon_Handler
    startup_stm32f407xx.o(RESET) refers to stm32f4xx_it.o(i.PendSV_Handler) for PendSV_Handler
    startup_stm32f407xx.o(RESET) refers to stm32f4xx_it.o(i.SysTick_Handler) for SysTick_Handler
    startup_stm32f407xx.o(RESET) refers to stm32f4xx_it.o(i.ADC_IRQHandler) for ADC_IRQHandler
    startup_stm32f407xx.o(RESET) refers to stm32f4xx_it.o(i.EXTI15_10_IRQHandler) for EXTI15_10_IRQHandler
    startup_stm32f407xx.o(RESET) refers to stm32f4xx_it.o(i.DMA2_Stream0_IRQHandler) for DMA2_Stream0_IRQHandler
    startup_stm32f407xx.o(RESET) refers to stm32f4xx_it.o(i.OTG_FS_IRQHandler) for OTG_FS_IRQHandler
    startup_stm32f407xx.o(.text) refers to system_stm32f4xx.o(i.SystemInit) for SystemInit
    startup_stm32f407xx.o(.text) refers to entry.o(.ARM.Collect$$$$00000000) for __main
    main.o(i.MX_ADC1_Init) refers to stm32f4xx_hal_adc.o(i.HAL_ADC_Init) for HAL_ADC_Init
    main.o(i.MX_ADC1_Init) refers to stm32f4xx_hal_adc_ex.o(i.HAL_ADCEx_MultiModeConfigChannel) for HAL_ADCEx_MultiModeConfigChannel
    main.o(i.MX_ADC1_Init) refers to stm32f4xx_hal_adc.o(i.HAL_ADC_ConfigChannel) for HAL_ADC_ConfigChannel
    main.o(i.MX_ADC1_Init) refers to main.o(.bss) for .bss
    main.o(i.MX_ADC2_Init) refers to stm32f4xx_hal_adc.o(i.HAL_ADC_Init) for HAL_ADC_Init
    main.o(i.MX_ADC2_Init) refers to stm32f4xx_hal_adc.o(i.HAL_ADC_ConfigChannel) for HAL_ADC_ConfigChannel
    main.o(i.MX_ADC2_Init) refers to main.o(.bss) for .bss
    main.o(i.MX_ADC3_Init) refers to stm32f4xx_hal_adc.o(i.HAL_ADC_Init) for HAL_ADC_Init
    main.o(i.MX_ADC3_Init) refers to stm32f4xx_hal_adc.o(i.HAL_ADC_ConfigChannel) for HAL_ADC_ConfigChannel
    main.o(i.MX_ADC3_Init) refers to main.o(.bss) for .bss
    main.o(i.MX_GPIO_Init) refers to memseta.o(.text) for __aeabi_memclr4
    main.o(i.MX_GPIO_Init) refers to stm32f4xx_hal_gpio.o(i.HAL_GPIO_WritePin) for HAL_GPIO_WritePin
    main.o(i.MX_GPIO_Init) refers to stm32f4xx_hal_gpio.o(i.HAL_GPIO_Init) for HAL_GPIO_Init
    main.o(i.MX_GPIO_Init) refers to stm32f4xx_hal_cortex.o(i.HAL_NVIC_SetPriority) for HAL_NVIC_SetPriority
    main.o(i.MX_GPIO_Init) refers to stm32f4xx_hal_cortex.o(i.HAL_NVIC_EnableIRQ) for HAL_NVIC_EnableIRQ
    main.o(i.SystemClock_Config) refers to memseta.o(.text) for __aeabi_memclr4
    main.o(i.SystemClock_Config) refers to stm32f4xx_hal_rcc.o(i.HAL_RCC_OscConfig) for HAL_RCC_OscConfig
    main.o(i.SystemClock_Config) refers to stm32f4xx_hal_rcc.o(i.HAL_RCC_ClockConfig) for HAL_RCC_ClockConfig
    main.o(i.main) refers to stm32f4xx_hal.o(i.HAL_Init) for HAL_Init
    main.o(i.main) refers to main.o(i.SystemClock_Config) for SystemClock_Config
    main.o(i.main) refers to main.o(i.MX_GPIO_Init) for MX_GPIO_Init
    main.o(i.main) refers to stm32f4xx_hal_cortex.o(i.HAL_NVIC_SetPriority) for HAL_NVIC_SetPriority
    main.o(i.main) refers to stm32f4xx_hal_cortex.o(i.HAL_NVIC_EnableIRQ) for HAL_NVIC_EnableIRQ
    main.o(i.main) refers to main.o(i.MX_ADC1_Init) for MX_ADC1_Init
    main.o(i.main) refers to main.o(i.MX_ADC2_Init) for MX_ADC2_Init
    main.o(i.main) refers to main.o(i.MX_ADC3_Init) for MX_ADC3_Init
    main.o(i.main) refers to usb_device.o(i.MX_USB_DEVICE_Init) for MX_USB_DEVICE_Init
    main.o(i.main) refers to stm32f4xx_hal_adc.o(i.HAL_ADC_Start) for HAL_ADC_Start
    main.o(i.main) refers to stm32f4xx_hal_adc_ex.o(i.HAL_ADCEx_MultiModeStart_DMA) for HAL_ADCEx_MultiModeStart_DMA
    main.o(i.main) refers to stm32f4xx_hal.o(i.HAL_Delay) for HAL_Delay
    main.o(i.main) refers to usbd_cdc_if.o(i.CDC_Transmit_FS) for CDC_Transmit_FS
    main.o(i.main) refers to main.o(.bss) for .bss
    main.o(i.main) refers to main.o(.data) for .data
    usb_device.o(i.MX_USB_DEVICE_Init) refers to usbd_core.o(i.USBD_Init) for USBD_Init
    usb_device.o(i.MX_USB_DEVICE_Init) refers to main.o(i.Error_Handler) for Error_Handler
    usb_device.o(i.MX_USB_DEVICE_Init) refers to usbd_core.o(i.USBD_RegisterClass) for USBD_RegisterClass
[...]
    .text                                    0x080002a8   Section       36  init.o(.text)
    .text                                    0x080002cc   Section        0  __dczerorl2.o(.text)
    i.ADC_IRQHandler                         0x08000324   Section        0  stm32f4xx_it.o(i.ADC_IRQHandler)
    i.ADC_Init                               0x08000348   Section        0  stm32f4xx_hal_adc.o(i.ADC_Init)
    ADC_Init                                 0x08000349   Thumb Code   284  stm32f4xx_hal_adc.o(i.ADC_Init)
    i.ADC_MultiModeDMAConvCplt               0x08000470   Section        0  stm32f4xx_hal_adc_ex.o(i.ADC_MultiModeDMAConvCplt)
    ADC_MultiModeDMAConvCplt                 0x08000471   Thumb Code    90  stm32f4xx_hal_adc_ex.o(i.ADC_MultiModeDMAConvCplt)
    i.ADC_MultiModeDMAError                  0x080004ca   Section        0  stm32f4xx_hal_adc_ex.o(i.ADC_MultiModeDMAError)
    ADC_MultiModeDMAError                    0x080004cb   Thumb Code    18  stm32f4xx_hal_adc_ex.o(i.ADC_MultiModeDMAError)
    i.ADC_MultiModeDMAHalfConvCplt           0x080004dc   Section        0  stm32f4xx_hal_adc_ex.o(i.ADC_MultiModeDMAHalfConvCplt)
    ADC_MultiModeDMAHalfConvCplt             0x080004dd   Thumb Code     6  stm32f4xx_hal_adc_ex.o(i.ADC_MultiModeDMAHalfConvCplt)
    i.BusFault_Handler                       0x080004e2   Section        0  stm32f4xx_it.o(i.BusFault_Handler)
    i.CDC_Control_FS                         0x080004e4   Section        0  usbd_cdc_if.o(i.CDC_Control_FS)
    CDC_Control_FS                           0x080004e5   Thumb Code     4  usbd_cdc_if.o(i.CDC_Control_FS)
    i.CDC_DeInit_FS                          0x080004e8   Section        0  usbd_cdc_if.o(i.CDC_DeInit_FS)
    CDC_DeInit_FS                            0x080004e9   Thumb Code     4  usbd_cdc_if.o(i.CDC_DeInit_FS)
    i.CDC_Init_FS                            0x080004ec   Section        0  usbd_cdc_if.o(i.CDC_Init_FS)
    CDC_Init_FS                              0x080004ed   Thumb Code    24  usbd_cdc_if.o(i.CDC_Init_FS)
    i.CDC_Receive_FS                         0x08000510   Section        0  usbd_cdc_if.o(i.CDC_Receive_FS)
    CDC_Receive_FS                           0x08000511   Thumb Code    32  usbd_cdc_if.o(i.CDC_Receive_FS)
    i.CDC_Transmit_FS                        0x08000538   Section        0  usbd_cdc_if.o(i.CDC_Transmit_FS)
    i.DMA2_Stream0_IRQHandler                0x08000564   Section        0  stm32f4xx_it.o(i.DMA2_Stream0_IRQHandler)
    i.DMA_CalcBaseAndBitshift                0x08000570   Section        0  stm32f4xx_hal_dma.o(i.DMA_CalcBaseAndBitshift)
    DMA_CalcBaseAndBitshift                  0x08000571   Thumb Code    34  stm32f4xx_hal_dma.o(i.DMA_CalcBaseAndBitshift)
    i.DMA_CheckFifoParam                     0x08000598   Section        0  stm32f4xx_hal_dma.o(i.DMA_CheckFifoParam)
    DMA_CheckFifoParam                       0x08000599   Thumb Code    84  stm32f4xx_hal_dma.o(i.DMA_CheckFifoParam)
    i.DMA_SetConfig                          0x080005ec   Section        0  stm32f4xx_hal_dma.o(i.DMA_SetConfig)
    DMA_SetConfig                            0x080005ed   Thumb Code    40  stm32f4xx_hal_dma.o(i.DMA_SetConfig)
    i.DebugMon_Handler                       0x08000614   Section        0  stm32f4xx_it.o(i.DebugMon_Handler)
    i.EXTI15_10_IRQHandler                   0x08000616   Section        0  stm32f4xx_it.o(i.EXTI15_10_IRQHandler)
    i.Error_Handler                          0x0800061e   Section        0  main.o(i.Error_Handler)
    i.HAL_ADCEx_InjectedConvCpltCallback     0x08000620   Section        0  stm32f4xx_hal_adc_ex.o(i.HAL_ADCEx_InjectedConvCpltCallback)
    i.HAL_ADCEx_MultiModeConfigChannel       0x08000624   Section        0  stm32f4xx_hal_adc_ex.o(i.HAL_ADCEx_MultiModeConfigChannel)
    i.HAL_ADCEx_MultiModeStart_DMA           0x08000678   Section        0  stm32f4xx_hal_adc_ex.o(i.HAL_ADCEx_MultiModeStart_DMA)
    i.HAL_ADC_ConfigChannel                  0x08000774   Section        0  stm32f4xx_hal_adc.o(i.HAL_ADC_ConfigChannel)
    i.HAL_ADC_ConvCpltCallback               0x080008c0   Section        0  main.o(i.HAL_ADC_ConvCpltCallback)
    i.HAL_ADC_ConvHalfCpltCallback           0x080008c2   Section        0  stm32f4xx_hal_adc.o(i.HAL_ADC_ConvHalfCpltCallback)
    i.HAL_ADC_ErrorCallback                  0x080008c4   Section        0  stm32f4xx_hal_adc.o(i.HAL_ADC_ErrorCallback)
    i.HAL_ADC_IRQHandler                     0x080008c6   Section        0  stm32f4xx_hal_adc.o(i.HAL_ADC_IRQHandler)
    i.HAL_ADC_Init                           0x08000a02   Section        0  stm32f4xx_hal_adc.o(i.HAL_ADC_Init)
    i.HAL_ADC_LevelOutOfWindowCallback       0x08000a56   Section        0  stm32f4xx_hal_adc.o(i.HAL_ADC_LevelOutOfWindowCallback)
    i.HAL_ADC_MspInit                        0x08000a58   Section        0  stm32f4xx_hal_msp.o(i.HAL_ADC_MspInit)
    i.HAL_ADC_Start                          0x08000b58   Section        0  stm32f4xx_hal_adc.o(i.HAL_ADC_Start)
    i.HAL_DMA_IRQHandler                     0x08000c44   Section        0  stm32f4xx_hal_dma.o(i.HAL_DMA_IRQHandler)
    i.HAL_DMA_Init                           0x08000de4   Section        0  stm32f4xx_hal_dma.o(i.HAL_DMA_Init)
    i.HAL_DMA_Start_IT                       0x08000eb8   Section        0  stm32f4xx_hal_dma.o(i.HAL_DMA_Start_IT)
    i.HAL_Delay                              0x08000f30   Section        0  stm32f4xx_hal.o(i.HAL_Delay)
    i.HAL_GPIO_EXTI_Callback                 0x08000f54   Section        0  stm32f4xx_hal_gpio.o(i.HAL_GPIO_EXTI_Callback)
    i.HAL_GPIO_EXTI_IRQHandler               0x08000f58   Section        0  stm32f4xx_hal_gpio.o(i.HAL_GPIO_EXTI_IRQHandler)
    i.HAL_GPIO_Init                          0x08000f70   Section        0  stm32f4xx_hal_gpio.o(i.HAL_GPIO_Init)
    i.HAL_GPIO_TogglePin                     0x08001120   Section        0  stm32f4xx_hal_gpio.o(i.HAL_GPIO_TogglePin)
    i.HAL_GPIO_WritePin                      0x0800112e   Section        0  stm32f4xx_hal_gpio.o(i.HAL_GPIO_WritePin)
    i.HAL_GetTick                            0x08001138   Section        0  stm32f4xx_hal.o(i.HAL_GetTick)
    i.HAL_IncTick                            0x08001144   Section        0  stm32f4xx_hal.o(i.HAL_IncTick)
    i.HAL_Init                               0x08001154   Section        0  stm32f4xx_hal.o(i.HAL_Init)
    i.HAL_InitTick                           0x08001188   Section        0  stm32f4xx_hal.o(i.HAL_InitTick)
    i.HAL_MspInit                            0x080011c8   Section        0  stm32f4xx_hal_msp.o(i.HAL_MspInit)
    i.HAL_NVIC_EnableIRQ                     0x080011f8   Section        0  stm32f4xx_hal_cortex.o(i.HAL_NVIC_EnableIRQ)
    i.HAL_NVIC_SetPriority                   0x08001214   Section        0  stm32f4xx_hal_cortex.o(i.HAL_NVIC_SetPriority)
    i.HAL_NVIC_SetPriorityGrouping           0x08001254   Section        0  stm32f4xx_hal_cortex.o(i.HAL_NVIC_SetPriorityGrouping)
    i.HAL_PCDEx_LPM_Callback                 0x08001278   Section        0  stm32f4xx_hal_pcd_ex.o(i.HAL_PCDEx_LPM_Callback)
    i.HAL_PCDEx_SetRxFiFo                    0x0800127a   Section        0  stm32f4xx_hal_pcd_ex.o(i.HAL_PCDEx_SetRxFiFo)
    i.HAL_PCDEx_SetTxFiFo                    0x08001282   Section        0  stm32f4xx_hal_pcd_ex.o(i.HAL_PCDEx_SetTxFiFo)
    i.HAL_PCD_ConnectCallback                0x080012c6   Section        0  usbd_conf.o(i.HAL_PCD_ConnectCallback)
    i.HAL_PCD_DataInStageCallback            0x080012ce   Section        0  usbd_conf.o(i.HAL_PCD_DataInStageCallback)
    i.HAL_PCD_DataOutStageCallback           0x080012e0   Section        0  usbd_conf.o(i.HAL_PCD_DataOutStageCallback)
    i.HAL_PCD_DisconnectCallback             0x080012f4   Section        0  usbd_conf.o(i.HAL_PCD_DisconnectCallback)
    i.HAL_PCD_EP_Close                       0x080012fc   Section        0  stm32f4xx_hal_pcd.o(i.HAL_PCD_EP_Close)
    i.HAL_PCD_EP_ClrStall                    0x08001348   Section        0  stm32f4xx_hal_pcd.o(i.HAL_PCD_EP_ClrStall)
    i.HAL_PCD_EP_GetRxCount                  0x080013a4   Section        0  stm32f4xx_hal_pcd.o(i.HAL_PCD_EP_GetRxCount)
    i.HAL_PCD_EP_Open                        0x080013b6   Section        0  stm32f4xx_hal_pcd.o(i.HAL_PCD_EP_Open)
    i.HAL_PCD_EP_Receive                     0x08001416   Section        0  stm32f4xx_hal_pcd.o(i.HAL_PCD_EP_Receive)
    i.HAL_PCD_EP_SetStall                    0x0800145e   Section        0  stm32f4xx_hal_pcd.o(i.HAL_PCD_EP_SetStall)
    i.HAL_PCD_EP_Transmit                    0x080014d2   Section        0  stm32f4xx_hal_pcd.o(i.HAL_PCD_EP_Transmit)
    i.HAL_PCD_IRQHandler                     0x08001514   Section        0  stm32f4xx_hal_pcd.o(i.HAL_PCD_IRQHandler)
    i.HAL_PCD_ISOINIncompleteCallback        0x08001978   Section        0  usbd_conf.o(i.HAL_PCD_ISOINIncompleteCallback)
    i.HAL_PCD_ISOOUTIncompleteCallback       0x08001980   Section        0  usbd_conf.o(i.HAL_PCD_ISOOUTIncompleteCallback)
    i.HAL_PCD_Init                           0x08001988   Section        0  stm32f4xx_hal_pcd.o(i.HAL_PCD_Init)
    i.HAL_PCD_MspInit                        0x08001a6c   Section        0  usbd_conf.o(i.HAL_PCD_MspInit)
    i.HAL_PCD_ResetCallback                  0x08001b04   Section        0  usbd_conf.o(i.HAL_PCD_ResetCallback)
    i.HAL_PCD_ResumeCallback                 0x08001b30   Section        0  usbd_conf.o(i.HAL_PCD_ResumeCallback)
    i.HAL_PCD_SOFCallback                    0x08001b38   Section        0  usbd_conf.o(i.HAL_PCD_SOFCallback)
    i.HAL_PCD_SetAddress                     0x08001b40   Section        0  stm32f4xx_hal_pcd.o(i.HAL_PCD_SetAddress)
    i.HAL_PCD_SetupStageCallback             0x08001b68   Section        0  usbd_conf.o(i.HAL_PCD_SetupStageCallback)
    i.HAL_PCD_Start                          0x08001b76   Section        0  stm32f4xx_hal_pcd.o(i.HAL_PCD_Start)
    i.HAL_PCD_SuspendCallback                0x08001bb8   Section        0  usbd_conf.o(i.HAL_PCD_SuspendCallback)
    i.HAL_RCC_ClockConfig                    0x08001be8   Section        0  stm32f4xx_hal_rcc.o(i.HAL_RCC_ClockConfig)
    i.HAL_RCC_GetHCLKFreq                    0x08001d18   Section        0  stm32f4xx_hal_rcc.o(i.HAL_RCC_GetHCLKFreq)
    i.HAL_RCC_GetSysClockFreq                0x08001d24   Section        0  stm32f4xx_hal_rcc.o(i.HAL_RCC_GetSysClockFreq)
    i.HAL_RCC_OscConfig                      0x08001d84   Section        0  stm32f4xx_hal_rcc.o(i.HAL_RCC_OscConfig)
    i.HAL_SYSTICK_Config                     0x080020a0   Section        0  stm32f4xx_hal_cortex.o(i.HAL_SYSTICK_Config)
    i.HardFault_Handler                      0x080020c8   Section        0  stm32f4xx_it.o(i.HardFault_Handler)
    i.IntToUnicode                           0x080020cc   Section        0  usbd_desc.o(i.IntToUnicode)
    IntToUnicode                             0x080020cd   Thumb Code    56  usbd_desc.o(i.IntToUnicode)
    i.MX_ADC1_Init                           0x08002104   Section        0  main.o(i.MX_ADC1_Init)
    MX_ADC1_Init                             0x08002105   Thumb Code   104  main.o(i.MX_ADC1_Init)
    i.MX_ADC2_Init                           0x08002174   Section        0  main.o(i.MX_ADC2_Init)
    MX_ADC2_Init                             0x08002175   Thumb Code    66  main.o(i.MX_ADC2_Init)
    i.MX_ADC3_Init                           0x080021c0   Section        0  main.o(i.MX_ADC3_Init)
    MX_ADC3_Init                             0x080021c1   Thumb Code    66  main.o(i.MX_ADC3_Init)
    i.MX_GPIO_Init                           0x0800220c   Section        0  main.o(i.MX_GPIO_Init)
    MX_GPIO_Init                             0x0800220d   Thumb Code   172  main.o(i.MX_GPIO_Init)
    i.MX_USB_DEVICE_Init                     0x080022c8   Section        0  usb_device.o(i.MX_USB_DEVICE_Init)
    i.MemManage_Handler                      0x0800231c   Section        0  stm32f4xx_it.o(i.MemManage_Handler)
    i.NMI_Handler                            0x0800231e   Section        0  stm32f4xx_it.o(i.NMI_Handler)
    i.OTG_FS_IRQHandler                      0x08002320   Section        0  stm32f4xx_it.o(i.OTG_FS_IRQHandler)
    i.PCD_EP_OutXfrComplete_int              0x0800232c   Section        0  stm32f4xx_hal_pcd.o(i.PCD_EP_OutXfrComplete_int)
    PCD_EP_OutXfrComplete_int                0x0800232d   Thumb Code   212  stm32f4xx_hal_pcd.o(i.PCD_EP_OutXfrComplete_int)
    i.PCD_WriteEmptyTxFifo                   0x08002408   Section        0  stm32f4xx_hal_pcd.o(i.PCD_WriteEmptyTxFifo)
    PCD_WriteEmptyTxFifo                     0x08002409   Thumb Code   162  stm32f4xx_hal_pcd.o(i.PCD_WriteEmptyTxFifo)
    i.PendSV_Handler                         0x080024aa   Section        0  stm32f4xx_it.o(i.PendSV_Handler)
    i.SVC_Handler                            0x080024ac   Section        0  stm32f4xx_it.o(i.SVC_Handler)
    i.SysTick_Handler                        0x080024ae   Section        0  stm32f4xx_it.o(i.SysTick_Handler)
    i.SystemClock_Config                     0x080024b4   Section        0  main.o(i.SystemClock_Config)
    i.SystemInit                             0x08002538   Section        0  system_stm32f4xx.o(i.SystemInit)
    i.USBD_CDC_DataIn                        0x0800258c   Section        0  usbd_cdc.o(i.USBD_CDC_DataIn)
    USBD_CDC_DataIn                          0x0800258d   Thumb Code    74  usbd_cdc.o(i.USBD_CDC_DataIn)
    i.USBD_CDC_DataOut                       0x080025d6   Section        0  usbd_cdc.o(i.USBD_CDC_DataOut)
    USBD_CDC_DataOut                         0x080025d7   Thumb Code    46  usbd_cdc.o(i.USBD_CDC_DataOut)
    i.USBD_CDC_DeInit                        0x08002604   Section        0  usbd_cdc.o(i.USBD_CDC_DeInit)
    USBD_CDC_DeInit                          0x08002605   Thumb Code    68  usbd_cdc.o(i.USBD_CDC_DeInit)
    i.USBD_CDC_EP0_RxReady                   0x08002648   Section        0  usbd_cdc.o(i.USBD_CDC_EP0_RxReady)
    USBD_CDC_EP0_RxReady                     0x08002649   Thumb Code    36  usbd_cdc.o(i.USBD_CDC_EP0_RxReady)
    i.USBD_CDC_GetDeviceQualifierDescriptor  0x0800266c   Section        0  usbd_cdc.o(i.USBD_CDC_GetDeviceQualifierDescriptor)
    i.USBD_CDC_GetFSCfgDesc                  0x08002678   Section        0  usbd_cdc.o(i.USBD_CDC_GetFSCfgDesc)
    USBD_CDC_GetFSCfgDesc                    0x08002679   Thumb Code     8  usbd_cdc.o(i.USBD_CDC_GetFSCfgDesc)
    i.USBD_CDC_GetHSCfgDesc                  0x08002684   Section        0  usbd_cdc.o(i.USBD_CDC_GetHSCfgDesc)
    USBD_CDC_GetHSCfgDesc                    0x08002685   Thumb Code     8  usbd_cdc.o(i.USBD_CDC_GetHSCfgDesc)
    i.USBD_CDC_GetOtherSpeedCfgDesc          0x08002690   Section        0  usbd_cdc.o(i.USBD_CDC_GetOtherSpeedCfgDesc)
    USBD_CDC_GetOtherSpeedCfgDesc            0x08002691   Thumb Code     8  usbd_cdc.o(i.USBD_CDC_GetOtherSpeedCfgDesc)
    i.USBD_CDC_Init                          0x0800269c   Section        0  usbd_cdc.o(i.USBD_CDC_Init)
    USBD_CDC_Init                            0x0800269d   Thumb Code   148  usbd_cdc.o(i.USBD_CDC_Init)
    i.USBD_CDC_ReceivePacket                 0x08002730   Section        0  usbd_cdc.o(i.USBD_CDC_ReceivePacket)
    i.USBD_CDC_RegisterInterface             0x08002758   Section        0  usbd_cdc.o(i.USBD_CDC_RegisterInterface)
    i.USBD_CDC_SetRxBuffer                   0x08002768   Section        0  usbd_cdc.o(i.USBD_CDC_SetRxBuffer)
    i.USBD_CDC_SetTxBuffer                   0x08002774   Section        0  usbd_cdc.o(i.USBD_CDC_SetTxBuffer)
    i.USBD_CDC_Setup                         0x08002784   Section        0  usbd_cdc.o(i.USBD_CDC_Setup)
    USBD_CDC_Setup                           0x08002785   Thumb Code   172  usbd_cdc.o(i.USBD_CDC_Setup)
    i.USBD_CDC_TransmitPacket                0x08002830   Section        0  usbd_cdc.o(i.USBD_CDC_TransmitPacket)
    i.USBD_ClrClassConfig                    0x08002866   Section        0  usbd_core.o(i.USBD_ClrClassConfig)
    i.USBD_CtlContinueRx                     0x08002874   Section        0  usbd_ioreq.o(i.USBD_CtlContinueRx)
    i.USBD_CtlContinueSendData               0x08002884   Section        0  usbd_ioreq.o(i.USBD_CtlContinueSendData)
    i.USBD_CtlError                          0x08002894   Section        0  usbd_ctlreq.o(i.USBD_CtlError)
    i.USBD_CtlPrepareRx                      0x080028aa   Section        0  usbd_ioreq.o(i.USBD_CtlPrepareRx)
    i.USBD_CtlReceiveStatus                  0x080028c8   Section        0  usbd_ioreq.o(i.USBD_CtlReceiveStatus)
    i.USBD_CtlSendData                       0x080028de   Section        0  usbd_ioreq.o(i.USBD_CtlSendData)
    i.USBD_CtlSendStatus                     0x080028f8   Section        0  usbd_ioreq.o(i.USBD_CtlSendStatus)
    i.USBD_FS_ConfigStrDescriptor            0x08002910   Section        0  usbd_desc.o(i.USBD_FS_ConfigStrDescriptor)
    i.USBD_FS_DeviceDescriptor               0x08002930   Section        0  usbd_desc.o(i.USBD_FS_DeviceDescriptor)
    i.USBD_FS_InterfaceStrDescriptor         0x0800293c   Section        0  usbd_desc.o(i.USBD_FS_InterfaceStrDescriptor)
    i.USBD_FS_LangIDStrDescriptor            0x08002960   Section        0  usbd_desc.o(i.USBD_FS_LangIDStrDescriptor)
    i.USBD_FS_ManufacturerStrDescriptor      0x0800296c   Section        0  usbd_desc.o(i.USBD_FS_ManufacturerStrDescriptor)
    i.USBD_FS_ProductStrDescriptor           0x08002994   Section        0  usbd_desc.o(i.USBD_FS_ProductStrDescriptor)
    i.USBD_FS_SerialStrDescriptor            0x080029c0   Section        0  usbd_desc.o(i.USBD_FS_SerialStrDescriptor)
    i.USBD_GetDescriptor                     0x080029f8   Section        0  usbd_ctlreq.o(i.USBD_GetDescriptor)
    USBD_GetDescriptor                       0x080029f9   Thumb Code   232  usbd_ctlreq.o(i.USBD_GetDescriptor)
    i.USBD_GetString                         0x08002ae0   Section        0  usbd_ctlreq.o(i.USBD_GetString)
    i.USBD_Get_USB_Status                    0x08002b28   Section        0  usbd_conf.o(i.USBD_Get_USB_Status)
    i.USBD_Init                              0x08002b40   Section        0  usbd_core.o(i.USBD_Init)
    i.USBD_LL_ClearStallEP                   0x08002b6a   Section        0  usbd_conf.o(i.USBD_LL_ClearStallEP)
    i.USBD_LL_CloseEP                        0x08002b7c   Section        0  usbd_conf.o(i.USBD_LL_CloseEP)
    i.USBD_LL_DataInStage                    0x08002b8e   Section        0  usbd_core.o(i.USBD_LL_DataInStage)
    i.USBD_LL_DataOutStage                   0x08002c54   Section        0  usbd_core.o(i.USBD_LL_DataOutStage)
    i.USBD_LL_DevConnected                   0x08002cd6   Section        0  usbd_core.o(i.USBD_LL_DevConnected)
    i.USBD_LL_DevDisconnected                0x08002cda   Section        0  usbd_core.o(i.USBD_LL_DevDisconnected)
    i.USBD_LL_GetRxDataSize                  0x08002cf0   Section        0  usbd_conf.o(i.USBD_LL_GetRxDataSize)
    i.USBD_LL_Init                           0x08002cf8   Section        0  usbd_conf.o(i.USBD_LL_Init)
    i.USBD_LL_IsStallEP                      0x08002d58   Section        0  usbd_conf.o(i.USBD_LL_IsStallEP)
    i.USBD_LL_IsoINIncomplete                0x08002d78   Section        0  usbd_core.o(i.USBD_LL_IsoINIncomplete)
    i.USBD_LL_IsoOUTIncomplete               0x08002d7c   Section        0  usbd_core.o(i.USBD_LL_IsoOUTIncomplete)
    i.USBD_LL_OpenEP                         0x08002d80   Section        0  usbd_conf.o(i.USBD_LL_OpenEP)
    i.USBD_LL_PrepareReceive                 0x08002d98   Section        0  usbd_conf.o(i.USBD_LL_PrepareReceive)
    i.USBD_LL_Reset                          0x08002daa   Section        0  usbd_core.o(i.USBD_LL_Reset)
    i.USBD_LL_Resume                         0x08002dfa   Section        0  usbd_core.o(i.USBD_LL_Resume)
    i.USBD_LL_SOF                            0x08002e06   Section        0  usbd_core.o(i.USBD_LL_SOF)
    i.USBD_LL_SetSpeed                       0x08002e1e   Section        0  usbd_core.o(i.USBD_LL_SetSpeed)
    i.USBD_LL_SetUSBAddress                  0x08002e24   Section        0  usbd_conf.o(i.USBD_LL_SetUSBAddress)
    i.USBD_LL_SetupStage                     0x08002e36   Section        0  usbd_core.o(i.USBD_LL_SetupStage)
    i.USBD_LL_StallEP                        0x08002e90   Section        0  usbd_conf.o(i.USBD_LL_StallEP)
    i.USBD_LL_Start                          0x08002ea2   Section        0  usbd_conf.o(i.USBD_LL_Start)
    i.USBD_LL_Suspend                        0x08002eb4   Section        0  usbd_core.o(i.USBD_LL_Suspend)
    i.USBD_LL_Transmit                       0x08002ec6   Section        0  usbd_conf.o(i.USBD_LL_Transmit)
    i.USBD_ParseSetupRequest                 0x08002ed8   Section        0  usbd_ctlreq.o(i.USBD_ParseSetupRequest)
    i.USBD_RegisterClass                     0x08002f00   Section        0  usbd_core.o(i.USBD_RegisterClass)
    i.USBD_SetClassConfig                    0x08002f10   Section        0  usbd_core.o(i.USBD_SetClassConfig)
    i.USBD_SetConfig                         0x08002f28   Section        0  usbd_ctlreq.o(i.USBD_SetConfig)
    USBD_SetConfig                           0x08002f29   Thumb Code   128  usbd_ctlreq.o(i.USBD_SetConfig)
    i.USBD_Start                             0x08002fac   Section        0  usbd_core.o(i.USBD_Start)
    i.USBD_StdDevReq                         0x08002fb6   Section        0  usbd_ctlreq.o(i.USBD_StdDevReq)
    i.USBD_StdEPReq                          0x080030c8   Section        0  usbd_ctlreq.o(i.USBD_StdEPReq)
    i.USBD_StdItfReq                         0x08003218   Section        0  usbd_ctlreq.o(i.USBD_StdItfReq)
    i.USB_ActivateEndpoint                   0x08003268   Section        0  stm32f4xx_ll_usb.o(i.USB_ActivateEndpoint)
    i.USB_ActivateSetup                      0x080032e8   Section        0  stm32f4xx_ll_usb.o(i.USB_ActivateSetup)
    i.USB_CoreInit                           0x0800331c   Section        0  stm32f4xx_ll_usb.o(i.USB_CoreInit)
    i.USB_CoreReset                          0x08003390   Section        0  stm32f4xx_ll_usb.o(i.USB_CoreReset)
    USB_CoreReset                            0x08003391   Thumb Code    50  stm32f4xx_ll_usb.o(i.USB_CoreReset)
    i.USB_DeactivateEndpoint                 0x080033c8   Section        0  stm32f4xx_ll_usb.o(i.USB_DeactivateEndpoint)
    i.USB_DevConnect                         0x08003448   Section        0  stm32f4xx_ll_usb.o(i.USB_DevConnect)
    i.USB_DevDisconnect                      0x08003460   Section        0  stm32f4xx_ll_usb.o(i.USB_DevDisconnect)
    i.USB_DevInit                            0x08003478   Section        0  stm32f4xx_ll_usb.o(i.USB_DevInit)
    i.USB_DisableGlobalInt                   0x08003604   Section        0  stm32f4xx_ll_usb.o(i.USB_DisableGlobalInt)
    i.USB_EP0StartXfer                       0x08003610   Section        0  stm32f4xx_ll_usb.o(i.USB_EP0StartXfer)
    i.USB_EP0_OutStart                       0x08003728   Section        0  stm32f4xx_ll_usb.o(i.USB_EP0_OutStart)
    i.USB_EPClearStall                       0x08003780   Section        0  stm32f4xx_ll_usb.o(i.USB_EPClearStall)
    i.USB_EPSetStall                         0x080037d8   Section        0  stm32f4xx_ll_usb.o(i.USB_EPSetStall)
    i.USB_EPStartXfer                        0x08003830   Section        0  stm32f4xx_ll_usb.o(i.USB_EPStartXfer)
    i.USB_EnableGlobalInt                    0x08003a18   Section        0  stm32f4xx_ll_usb.o(i.USB_EnableGlobalInt)
    i.USB_FlushRxFifo                        0x08003a24   Section        0  stm32f4xx_ll_usb.o(i.USB_FlushRxFifo)
    i.USB_FlushTxFifo                        0x08003a44   Section        0  stm32f4xx_ll_usb.o(i.USB_FlushTxFifo)
    i.USB_GetDevSpeed                        0x08003a68   Section        0  stm32f4xx_ll_usb.o(i.USB_GetDevSpeed)
    i.USB_GetMode                            0x08003a82   Section        0  stm32f4xx_ll_usb.o(i.USB_GetMode)
    i.USB_ReadDevAllInEpInterrupt            0x08003a8a   Section        0  stm32f4xx_ll_usb.o(i.USB_ReadDevAllInEpInterrupt)
    i.USB_ReadDevAllOutEpInterrupt           0x08003a98   Section        0  stm32f4xx_ll_usb.o(i.USB_ReadDevAllOutEpInterrupt)
    i.USB_ReadDevInEPInterrupt               0x08003aa6   Section        0  stm32f4xx_ll_usb.o(i.USB_ReadDevInEPInterrupt)
    i.USB_ReadDevOutEPInterrupt              0x08003aca   Section        0  stm32f4xx_ll_usb.o(i.USB_ReadDevOutEPInterrupt)
    i.USB_ReadInterrupts                     0x08003ada   Section        0  stm32f4xx_ll_usb.o(i.USB_ReadInterrupts)
    i.USB_ReadPacket                         0x08003ae2   Section        0  stm32f4xx_ll_usb.o(i.USB_ReadPacket)
    i.USB_SetCurrentMode                     0x08003afe   Section        0  stm32f4xx_ll_usb.o(i.USB_SetCurrentMode)
    i.USB_SetDevAddress                      0x08003b2c   Section        0  stm32f4xx_ll_usb.o(i.USB_SetDevAddress)
    i.USB_SetTurnaroundTime                  0x08003b50   Section        0  stm32f4xx_ll_usb.o(i.USB_SetTurnaroundTime)
    i.USB_WritePacket                        0x08003c38   Section        0  stm32f4xx_ll_usb.o(i.USB_WritePacket)
    i.UsageFault_Handler                     0x08003c5c   Section        0  stm32f4xx_it.o(i.UsageFault_Handler)
    i.__NVIC_SetPriority                     0x08003c5e   Section        0  stm32f4xx_hal_cortex.o(i.__NVIC_SetPriority)
    __NVIC_SetPriority                       0x08003c5f   Thumb Code    32  stm32f4xx_hal_cortex.o(i.__NVIC_SetPriority)
    i.__scatterload_copy                     0x08003c7e   Section       14  handlers.o(i.__scatterload_copy)
    i.__scatterload_null                     0x08003c8c   Section        2  handlers.o(i.__scatterload_null)
    i.__scatterload_zeroinit                 0x08003c8e   Section       14  handlers.o(i.__scatterload_zeroinit)
    i.free                                   0x08003c9c   Section        0  malloc.o(i.free)
    i.main                                   0x08003cec   Section        0  main.o(i.main)
    i.malloc                                 0x08003d74   Section        0  malloc.o(i.malloc)
    .constdata                               0x08003de0   Section        8  stm32f4xx_hal_dma.o(.constdata)
    flagBitshiftOffset                       0x08003de0   Data           8  stm32f4xx_hal_dma.o(.constdata)
    .constdata                               0x08003de8   Section       16  system_stm32f4xx.o(.constdata)
    .data                                    0x20000000   Section        8  main.o(.data)
    .data                                    0x20000008   Section       28  usbd_desc.o(.data)
    .data                                    0x20000024   Section       50  usbd_desc.o(.data)
    .data                                    0x20000058   Section       16  usbd_cdc_if.o(.data)
    .data                                    0x20000068   Section       12  stm32f4xx_hal.o(.data)
    .data                                    0x20000074   Section        4  system_stm32f4xx.o(.data)
    .data                                    0x20000078   Section        1  usbd_ctlreq.o(.data)
    cfgidx                                   0x20000078   Data           1  usbd_ctlreq.o(.data)
    .data                                    0x2000007c   Section      215  usbd_cdc.o(.data)
    USBD_CDC_DeviceQualifierDesc             0x2000007c   Data          10  usbd_cdc.o(.data)
    .data                                    0x20000154   Section       56  usbd_cdc.o(.data)
    .data                                    0x2000018c   Section        4  mvars.o(.data)
    .data                                    0x20000190   Section        4  mvars.o(.data)
    .bss                                     0x20000194   Section      336  main.o(.bss)
    .bss                                     0x200002e4   Section       96  main.o(.bss)
    .bss                                     0x20000344   Section      668  usb_device.o(.bss)
    .bss                                     0x200005e0   Section     1032  usbd_conf.o(.bss)
    .bss                                     0x200009e8   Section      512  usbd_desc.o(.bss)
    .bss                                     0x20000be8   Section     4096  usbd_cdc_if.o(.bss)
    HEAP                                     0x20001be8   Section     1024  startup_stm32f407xx.o(HEAP)
    STACK                                    0x20001fe8   Section     1024  startup_stm32f407xx.o(STACK)

    Global Symbols

    Symbol Name                              Value     Ov Type        Size  Object(Section)

    BuildAttributes$$THM_ISAv4$E$P$D$K$B$S$7EM$VFPi3$EXTD16$VFPS$VFMA$PE$A:L22UL41UL21$X:L11$S22US41US21$IEEE1$IW$USESV6$~STKCKD$USESV7$~SHL$OSPACE$EBA8$MICROLIB$REQ8$PRES8$EABIv2 0x00000000   Number         0  anon$$obj.o ABSOLUTE
    __ARM_use_no_argv                        0x00000000   Number         0  main.o ABSOLUTE
    __cpp_initialize__aeabi_                  - Undefined Weak Reference
    __cxa_finalize                            - Undefined Weak Reference
    _clock_init                               - Undefined Weak Reference
    _microlib_exit                            - Undefined Weak Reference
    __Vectors_Size                           0x00000188   Number         0  startup_stm32f407xx.o ABSOLUTE
    __Vectors                                0x08000000   Data           4  startup_stm32f407xx.o(RESET)
    __Vectors_End                            0x08000188   Data           0  startup_stm32f407xx.o(RESET)
    __main                                   0x08000189   Thumb Code     0  entry.o(.ARM.Collect$$$$00000000)
    _main_stk                                0x08000189   Thumb Code     0  entry2.o(.ARM.Collect$$$$00000001)
    _main_scatterload                        0x0800018d   Thumb Code     0  entry5.o(.ARM.Collect$$$$00000004)
    __main_after_scatterload                 0x08000191   Thumb Code     0  entry5.o(.ARM.Collect$$$$00000004)
    _main_clock                              0x08000191   Thumb Code     0  entry7b.o(.ARM.Collect$$$$00000008)
    _main_cpp_init                           0x08000191   Thumb Code     0  entry8b.o(.ARM.Collect$$$$0000000A)
    _main_init                               0x08000191   Thumb Code     0  entry9a.o(.ARM.Collect$$$$0000000B)
    __rt_final_cpp                           0x08000199   Thumb Code     0  entry10a.o(.ARM.Collect$$$$0000000D)
    __rt_final_exit                          0x08000199   Thumb Code     0  entry11a.o(.ARM.Collect$$$$0000000F)
    Reset_Handler                            0x0800019d   Thumb Code     8  startup_stm32f407xx.o(.text)
    CAN1_RX0_IRQHandler                      0x080001b7   Thumb Code     0  startup_stm32f407xx.o(.text)
    CAN1_RX1_IRQHandler                      0x080001b7   Thumb Code     0  startup_stm32f407xx.o(.text)
    CAN1_SCE_IRQHandler                      0x080001b7   Thumb Code     0  startup_stm32f407xx.o(.text)
    CAN1_TX_IRQHandler                       0x080001b7   Thumb Code     0  startup_stm32f407xx.o(.text)
    CAN2_RX0_IRQHandler                      0x080001b7   Thumb Code     0  startup_stm32f407xx.o(.text)
    CAN2_RX1_IRQHandler                      0x080001b7   Thumb Code     0  startup_stm32f407xx.o(.text)
    CAN2_SCE_IRQHandler                      0x080001b7   Thumb Code     0  startup_stm32f407xx.o(.text)
    CAN2_TX_IRQHandler                       0x080001b7   Thumb Code     0  startup_stm32f407xx.o(.text)
    DCMI_IRQHandler                          0x080001b7   Thumb Code     0  startup_stm32f407xx.o(.text)
    DMA1_Stream0_IRQHandler                  0x080001b7   Thumb Code     0  startup_stm32f407xx.o(.text)
    DMA1_Stream1_IRQHandler                  0x080001b7   Thumb Code     0  startup_stm32f407xx.o(.text)
    DMA1_Stream2_IRQHandler                  0x080001b7   Thumb Code     0  startup_stm32f407xx.o(.text)
    DMA1_Stream3_IRQHandler                  0x080001b7   Thumb Code     0  startup_stm32f407xx.o(.text)
    DMA1_Stream4_IRQHandler                  0x080001b7   Thumb Code     0  startup_stm32f407xx.o(.text)
    DMA1_Stream5_IRQHandler                  0x080001b7   Thumb Code     0  startup_stm32f407xx.o(.text)
    DMA1_Stream6_IRQHandler                  0x080001b7   Thumb Code     0  startup_stm32f407xx.o(.text)
    DMA1_Stream7_IRQHandler                  0x080001b7   Thumb Code     0  startup_stm32f407xx.o(.text)
    DMA2_Stream1_IRQHandler                  0x080001b7   Thumb Code     0  startup_stm32f407xx.o(.text)
    DMA2_Stream2_IRQHandler                  0x080001b7   Thumb Code     0  startup_stm32f407xx.o(.text)
    DMA2_Stream3_IRQHandler                  0x080001b7   Thumb Code     0  startup_stm32f407xx.o(.text)
    DMA2_Stream4_IRQHandler                  0x080001b7   Thumb Code     0  startup_stm32f407xx.o(.text)
    DMA2_Stream5_IRQHandler                  0x080001b7   Thumb Code     0  startup_stm32f407xx.o(.text)
    DMA2_Stream6_IRQHandler                  0x080001b7   Thumb Code     0  startup_stm32f407xx.o(.text)
    DMA2_Stream7_IRQHandler                  0x080001b7   Thumb Code     0  startup_stm32f407xx.o(.text)
    ETH_IRQHandler                           0x080001b7   Thumb Code     0  startup_stm32f407xx.o(.text)
    ETH_WKUP_IRQHandler                      0x080001b7   Thumb Code     0  startup_stm32f407xx.o(.text)
    EXTI0_IRQHandler                         0x080001b7   Thumb Code     0  startup_stm32f407xx.o(.text)
    EXTI1_IRQHandler                         0x080001b7   Thumb Code     0  startup_stm32f407xx.o(.text)
    EXTI2_IRQHandler                         0x080001b7   Thumb Code     0  startup_stm32f407xx.o(.text)
    EXTI3_IRQHandler                         0x080001b7   Thumb Code     0  startup_stm32f407xx.o(.text)
    EXTI4_IRQHandler                         0x080001b7   Thumb Code     0  startup_stm32f407xx.o(.text)
    EXTI9_5_IRQHandler                       0x080001b7   Thumb Code     0  startup_stm32f407xx.o(.text)
    FLASH_IRQHandler                         0x080001b7   Thumb Code     0  startup_stm32f407xx.o(.text)
    FMC_IRQHandler                           0x080001b7   Thumb Code     0  startup_stm32f407xx.o(.text)
    FPU_IRQHandler                           0x080001b7   Thumb Code     0  startup_stm32f407xx.o(.text)
    HASH_RNG_IRQHandler                      0x080001b7   Thumb Code     0  startup_stm32f407xx.o(.text)
    I2C1_ER_IRQHandler                       0x080001b7   Thumb Code     0  startup_stm32f407xx.o(.text)
    I2C1_EV_IRQHandler                       0x080001b7   Thumb Code     0  startup_stm32f407xx.o(.text)
    I2C2_ER_IRQHandler                       0x080001b7   Thumb Code     0  startup_stm32f407xx.o(.text)
    I2C2_EV_IRQHandler                       0x080001b7   Thumb Code     0  startup_stm32f407xx.o(.text)
    I2C3_ER_IRQHandler                       0x080001b7   Thumb Code     0  startup_stm32f407xx.o(.text)
    I2C3_EV_IRQHandler                       0x080001b7   Thumb Code     0  startup_stm32f407xx.o(.text)
    OTG_FS_WKUP_IRQHandler                   0x080001b7   Thumb Code     0  startup_stm32f407xx.o(.text)
    OTG_HS_EP1_IN_IRQHandler                 0x080001b7   Thumb Code     0  startup_stm32f407xx.o(.text)
    OTG_HS_EP1_OUT_IRQHandler                0x080001b7   Thumb Code     0  startup_stm32f407xx.o(.text)
    OTG_HS_IRQHandler                        0x080001b7   Thumb Code     0  startup_stm32f407xx.o(.text)
    OTG_HS_WKUP_IRQHandler                   0x080001b7   Thumb Code     0  startup_stm32f407xx.o(.text)
    PVD_IRQHandler                           0x080001b7   Thumb Code     0  startup_stm32f407xx.o(.text)
    RCC_IRQHandler                           0x080001b7   Thumb Code     0  startup_stm32f407xx.o(.text)
    RTC_Alarm_IRQHandler                     0x080001b7   Thumb Code     0  startup_stm32f407xx.o(.text)
    RTC_WKUP_IRQHandler                      0x080001b7   Thumb Code     0  startup_stm32f407xx.o(.text)
    SDIO_IRQHandler                          0x080001b7   Thumb Code     0  startup_stm32f407xx.o(.text)
    SPI1_IRQHandler                          0x080001b7   Thumb Code     0  startup_stm32f407xx.o(.text)
    SPI2_IRQHandler                          0x080001b7   Thumb Code     0  startup_stm32f407xx.o(.text)
    SPI3_IRQHandler                          0x080001b7   Thumb Code     0  startup_stm32f407xx.o(.text)
    TAMP_STAMP_IRQHandler                    0x080001b7   Thumb Code     0  startup_stm32f407xx.o(.text)
    TIM1_BRK_TIM9_IRQHandler                 0x080001b7   Thumb Code     0  startup_stm32f407xx.o(.text)
    TIM1_CC_IRQHandler                       0x080001b7   Thumb Code     0  startup_stm32f407xx.o(.text)
    TIM1_TRG_COM_TIM11_IRQHandler            0x080001b7   Thumb Code     0  startup_stm32f407xx.o(.text)
    TIM1_UP_TIM10_IRQHandler                 0x080001b7   Thumb Code     0  startup_stm32f407xx.o(.text)
    TIM2_IRQHandler                          0x080001b7   Thumb Code     0  startup_stm32f407xx.o(.text)
    TIM3_IRQHandler                          0x080001b7   Thumb Code     0  startup_stm32f407xx.o(.text)
    TIM4_IRQHandler                          0x080001b7   Thumb Code     0  startup_stm32f407xx.o(.text)
    TIM5_IRQHandler                          0x080001b7   Thumb Code     0  startup_stm32f407xx.o(.text)
    TIM6_DAC_IRQHandler                      0x080001b7   Thumb Code     0  startup_stm32f407xx.o(.text)
    TIM7_IRQHandler                          0x080001b7   Thumb Code     0  startup_stm32f407xx.o(.text)
    TIM8_BRK_TIM12_IRQHandler                0x080001b7   Thumb Code     0  startup_stm32f407xx.o(.text)
    TIM8_CC_IRQHandler                       0x080001b7   Thumb Code     0  startup_stm32f407xx.o(.text)
    TIM8_TRG_COM_TIM14_IRQHandler            0x080001b7   Thumb Code     0  startup_stm32f407xx.o(.text)
    TIM8_UP_TIM13_IRQHandler                 0x080001b7   Thumb Code     0  startup_stm32f407xx.o(.text)
    UART4_IRQHandler                         0x080001b7   Thumb Code     0  startup_stm32f407xx.o(.text)
    UART5_IRQHandler                         0x080001b7   Thumb Code     0  startup_stm32f407xx.o(.text)
    USART1_IRQHandler                        0x080001b7   Thumb Code     0  startup_stm32f407xx.o(.text)
    USART2_IRQHandler                        0x080001b7   Thumb Code     0  startup_stm32f407xx.o(.text)
    USART3_IRQHandler                        0x080001b7   Thumb Code     0  startup_stm32f407xx.o(.text)
    USART6_IRQHandler                        0x080001b7   Thumb Code     0  startup_stm32f407xx.o(.text)
    WWDG_IRQHandler                          0x080001b7   Thumb Code     0  startup_stm32f407xx.o(.text)
    __aeabi_uldivmod                         0x080001c1   Thumb Code    98  uldiv.o(.text)
    __aeabi_memcpy                           0x08000223   Thumb Code    36  memcpya.o(.text)
    __aeabi_memcpy4                          0x08000223   Thumb Code     0  memcpya.o(.text)
    __aeabi_memcpy8                          0x08000223   Thumb Code     0  memcpya.o(.text)
    __aeabi_memset                           0x08000247   Thumb Code    14  memseta.o(.text)
    __aeabi_memset4                          0x08000247   Thumb Code     0  memseta.o(.text)
    __aeabi_memset8                          0x08000247   Thumb Code     0  memseta.o(.text)
    __aeabi_memclr                           0x08000255   Thumb Code     4  memseta.o(.text)
    __aeabi_memclr4                          0x08000255   Thumb Code     0  memseta.o(.text)
    __aeabi_memclr8                          0x08000255   Thumb Code     0  memseta.o(.text)
    _memset$wrapper                          0x08000259   Thumb Code    18  memseta.o(.text)
    __aeabi_llsl                             0x0800026b   Thumb Code    30  llshl.o(.text)
    _ll_shift_l                              0x0800026b   Thumb Code     0  llshl.o(.text)
    __aeabi_llsr                             0x08000289   Thumb Code    32  llushr.o(.text)
    _ll_ushift_r                             0x08000289   Thumb Code     0  llushr.o(.text)
    __scatterload                            0x080002a9   Thumb Code    28  init.o(.text)
    __scatterload_rt2                        0x080002a9   Thumb Code     0  init.o(.text)
    __decompress                             0x080002cd   Thumb Code     0  __dczerorl2.o(.text)
    __decompress1                            0x080002cd   Thumb Code    86  __dczerorl2.o(.text)
    ADC_IRQHandler                           0x08000325   Thumb Code    24  stm32f4xx_it.o(i.ADC_IRQHandler)
    BusFault_Handler                         0x080004e3   Thumb Code     2  stm32f4xx_it.o(i.BusFault_Handler)
    CDC_Transmit_FS                          0x08000539   Thumb Code    38  usbd_cdc_if.o(i.CDC_Transmit_FS)
    DMA2_Stream0_IRQHandler                  0x08000565   Thumb Code     6  stm32f4xx_it.o(i.DMA2_Stream0_IRQHandler)
    DebugMon_Handler                         0x08000615   Thumb Code     2  stm32f4xx_it.o(i.DebugMon_Handler)
    EXTI15_10_IRQHandler                     0x08000617   Thumb Code     8  stm32f4xx_it.o(i.EXTI15_10_IRQHandler)
    Error_Handler                            0x0800061f   Thumb Code     2  main.o(i.Error_Handler)
    HAL_ADCEx_InjectedConvCpltCallback       0x08000621   Thumb Code     2  stm32f4xx_hal_adc_ex.o(i.HAL_ADCEx_InjectedConvCpltCallback)
    HAL_ADCEx_MultiModeConfigChannel         0x08000625   Thumb Code    78  stm32f4xx_hal_adc_ex.o(i.HAL_ADCEx_MultiModeConfigChannel)
    HAL_ADCEx_MultiModeStart_DMA             0x08000679   Thumb Code   226  stm32f4xx_hal_adc_ex.o(i.HAL_ADCEx_MultiModeStart_DMA)
    HAL_ADC_ConfigChannel                    0x08000775   Thumb Code   316  stm32f4xx_hal_adc.o(i.HAL_ADC_ConfigChannel)
    HAL_ADC_ConvCpltCallback                 0x080008c1   Thumb Code     2  main.o(i.HAL_ADC_ConvCpltCallback)
    HAL_ADC_ConvHalfCpltCallback             0x080008c3   Thumb Code     2  stm32f4xx_hal_adc.o(i.HAL_ADC_ConvHalfCpltCallback)
    HAL_ADC_ErrorCallback                    0x080008c5   Thumb Code     2  stm32f4xx_hal_adc.o(i.HAL_ADC_ErrorCallback)
    HAL_ADC_IRQHandler                       0x080008c7   Thumb Code   316  stm32f4xx_hal_adc.o(i.HAL_ADC_IRQHandler)
    HAL_ADC_Init                             0x08000a03   Thumb Code    84  stm32f4xx_hal_adc.o(i.HAL_ADC_Init)
    HAL_ADC_LevelOutOfWindowCallback         0x08000a57   Thumb Code     2  stm32f4xx_hal_adc.o(i.HAL_ADC_LevelOutOfWindowCallback)
    HAL_ADC_MspInit                          0x08000a59   Thumb Code   226  stm32f4xx_hal_msp.o(i.HAL_ADC_MspInit)
    HAL_ADC_Start                            0x08000b59   Thumb Code   210  stm32f4xx_hal_adc.o(i.HAL_ADC_Start)
    HAL_DMA_IRQHandler                       0x08000c45   Thumb Code   412  stm32f4xx_hal_dma.o(i.HAL_DMA_IRQHandler)
    HAL_DMA_Init                             0x08000de5   Thumb Code   206  stm32f4xx_hal_dma.o(i.HAL_DMA_Init)
    HAL_DMA_Start_IT                         0x08000eb9   Thumb Code   120  stm32f4xx_hal_dma.o(i.HAL_DMA_Start_IT)
    HAL_Delay                                0x08000f31   Thumb Code    32  stm32f4xx_hal.o(i.HAL_Delay)
    HAL_GPIO_EXTI_Callback                   0x08000f55   Thumb Code     2  stm32f4xx_hal_gpio.o(i.HAL_GPIO_EXTI_Callback)
    HAL_GPIO_EXTI_IRQHandler                 0x08000f59   Thumb Code    18  stm32f4xx_hal_gpio.o(i.HAL_GPIO_EXTI_IRQHandler)
    HAL_GPIO_Init                            0x08000f71   Thumb Code   388  stm32f4xx_hal_gpio.o(i.HAL_GPIO_Init)
    HAL_GPIO_TogglePin                       0x08001121   Thumb Code    14  stm32f4xx_hal_gpio.o(i.HAL_GPIO_TogglePin)
    HAL_GPIO_WritePin                        0x0800112f   Thumb Code    10  stm32f4xx_hal_gpio.o(i.HAL_GPIO_WritePin)
    HAL_GetTick                              0x08001139   Thumb Code     6  stm32f4xx_hal.o(i.HAL_GetTick)
    HAL_IncTick                              0x08001145   Thumb Code    12  stm32f4xx_hal.o(i.HAL_IncTick)
    HAL_Init                                 0x08001155   Thumb Code    48  stm32f4xx_hal.o(i.HAL_Init)
    HAL_InitTick                             0x08001189   Thumb Code    54  stm32f4xx_hal.o(i.HAL_InitTick)
    HAL_MspInit                              0x080011c9   Thumb Code    42  stm32f4xx_hal_msp.o(i.HAL_MspInit)
    HAL_NVIC_EnableIRQ                       0x080011f9   Thumb Code    26  stm32f4xx_hal_cortex.o(i.HAL_NVIC_EnableIRQ)
    HAL_NVIC_SetPriority                     0x08001215   Thumb Code    60  stm32f4xx_hal_cortex.o(i.HAL_NVIC_SetPriority)
    HAL_NVIC_SetPriorityGrouping             0x08001255   Thumb Code    26  stm32f4xx_hal_cortex.o(i.HAL_NVIC_SetPriorityGrouping)
    HAL_PCDEx_LPM_Callback                   0x08001279   Thumb Code     2  stm32f4xx_hal_pcd_ex.o(i.HAL_PCDEx_LPM_Callback)
    HAL_PCDEx_SetRxFiFo                      0x0800127b   Thumb Code     8  stm32f4xx_hal_pcd_ex.o(i.HAL_PCDEx_SetRxFiFo)
    HAL_PCDEx_SetTxFiFo                      0x08001283   Thumb Code    68  stm32f4xx_hal_pcd_ex.o(i.HAL_PCDEx_SetTxFiFo)
    HAL_PCD_ConnectCallback                  0x080012c7   Thumb Code     8  usbd_conf.o(i.HAL_PCD_ConnectCallback)
    HAL_PCD_DataInStageCallback              0x080012cf   Thumb Code    18  usbd_conf.o(i.HAL_PCD_DataInStageCallback)
    HAL_PCD_DataOutStageCallback             0x080012e1   Thumb Code    20  usbd_conf.o(i.HAL_PCD_DataOutStageCallback)
    HAL_PCD_DisconnectCallback               0x080012f5   Thumb Code     8  usbd_conf.o(i.HAL_PCD_DisconnectCallback)
    HAL_PCD_EP_Close                         0x080012fd   Thumb Code    76  stm32f4xx_hal_pcd.o(i.HAL_PCD_EP_Close)
    HAL_PCD_EP_ClrStall                      0x08001349   Thumb Code    92  stm32f4xx_hal_pcd.o(i.HAL_PCD_EP_ClrStall)
    HAL_PCD_EP_GetRxCount                    0x080013a5   Thumb Code    18  stm32f4xx_hal_pcd.o(i.HAL_PCD_EP_GetRxCount)
    HAL_PCD_EP_Open                          0x080013b7   Thumb Code    96  stm32f4xx_hal_pcd.o(i.HAL_PCD_EP_Open)
    HAL_PCD_EP_Receive                       0x08001417   Thumb Code    72  stm32f4xx_hal_pcd.o(i.HAL_PCD_EP_Receive)
    HAL_PCD_EP_SetStall                      0x0800145f   Thumb Code   116  stm32f4xx_hal_pcd.o(i.HAL_PCD_EP_SetStall)
    HAL_PCD_EP_Transmit                      0x080014d3   Thumb Code    64  stm32f4xx_hal_pcd.o(i.HAL_PCD_EP_Transmit)
    HAL_PCD_IRQHandler                       0x08001515   Thumb Code  1114  stm32f4xx_hal_pcd.o(i.HAL_PCD_IRQHandler)
    HAL_PCD_ISOINIncompleteCallback          0x08001979   Thumb Code     8  usbd_conf.o(i.HAL_PCD_ISOINIncompleteCallback)
    HAL_PCD_ISOOUTIncompleteCallback         0x08001981   Thumb Code     8  usbd_conf.o(i.HAL_PCD_ISOOUTIncompleteCallback)
    HAL_PCD_Init                             0x08001989   Thumb Code   226  stm32f4xx_hal_pcd.o(i.HAL_PCD_Init)
    HAL_PCD_MspInit                          0x08001a6d   Thumb Code   142  usbd_conf.o(i.HAL_PCD_MspInit)
    HAL_PCD_ResetCallback                    0x08001b05   Thumb Code    44  usbd_conf.o(i.HAL_PCD_ResetCallback)
    HAL_PCD_ResumeCallback                   0x08001b31   Thumb Code     8  usbd_conf.o(i.HAL_PCD_ResumeCallback)
    HAL_PCD_SOFCallback                      0x08001b39   Thumb Code     8  usbd_conf.o(i.HAL_PCD_SOFCallback)
    HAL_PCD_SetAddress                       0x08001b41   Thumb Code    40  stm32f4xx_hal_pcd.o(i.HAL_PCD_SetAddress)
    HAL_PCD_SetupStageCallback               0x08001b69   Thumb Code    14  usbd_conf.o(i.HAL_PCD_SetupStageCallback)
    HAL_PCD_Start                            0x08001b77   Thumb Code    66  stm32f4xx_hal_pcd.o(i.HAL_PCD_Start)
    HAL_PCD_SuspendCallback                  0x08001bb9   Thumb Code    44  usbd_conf.o(i.HAL_PCD_SuspendCallback)
    HAL_RCC_ClockConfig                      0x08001be9   Thumb Code   286  stm32f4xx_hal_rcc.o(i.HAL_RCC_ClockConfig)
    HAL_RCC_GetHCLKFreq                      0x08001d19   Thumb Code     6  stm32f4xx_hal_rcc.o(i.HAL_RCC_GetHCLKFreq)
    HAL_RCC_GetSysClockFreq                  0x08001d25   Thumb Code    88  stm32f4xx_hal_rcc.o(i.HAL_RCC_GetSysClockFreq)
    HAL_RCC_OscConfig                        0x08001d85   Thumb Code   770  stm32f4xx_hal_rcc.o(i.HAL_RCC_OscConfig)
    HAL_SYSTICK_Config                       0x080020a1   Thumb Code    40  stm32f4xx_hal_cortex.o(i.HAL_SYSTICK_Config)
    HardFault_Handler                        0x080020c9   Thumb Code     2  stm32f4xx_it.o(i.HardFault_Handler)
    MX_USB_DEVICE_Init                       0x080022c9   Thumb Code    66  usb_device.o(i.MX_USB_DEVICE_Init)
    MemManage_Handler                        0x0800231d   Thumb Code     2  stm32f4xx_it.o(i.MemManage_Handler)
    NMI_Handler                              0x0800231f   Thumb Code     2  stm32f4xx_it.o(i.NMI_Handler)
    OTG_FS_IRQHandler                        0x08002321   Thumb Code     6  stm32f4xx_it.o(i.OTG_FS_IRQHandler)
    PendSV_Handler                           0x080024ab   Thumb Code     2  stm32f4xx_it.o(i.PendSV_Handler)
    SVC_Handler                              0x080024ad   Thumb Code     2  stm32f4xx_it.o(i.SVC_Handler)
    SysTick_Handler                          0x080024af   Thumb Code     4  stm32f4xx_it.o(i.SysTick_Handler)
    SystemClock_Config                       0x080024b5   Thumb Code   124  main.o(i.SystemClock_Config)
    SystemInit                               0x08002539   Thumb Code    66  system_stm32f4xx.o(i.SystemInit)
    USBD_CDC_GetDeviceQualifierDescriptor    0x0800266d   Thumb Code     8  usbd_cdc.o(i.USBD_CDC_GetDeviceQualifierDescriptor)
    USBD_CDC_ReceivePacket                   0x08002731   Thumb Code    40  usbd_cdc.o(i.USBD_CDC_ReceivePacket)
    USBD_CDC_RegisterInterface               0x08002759   Thumb Code    16  usbd_cdc.o(i.USBD_CDC_RegisterInterface)
    USBD_CDC_SetRxBuffer                     0x08002769   Thumb Code    12  usbd_cdc.o(i.USBD_CDC_SetRxBuffer)
    USBD_CDC_SetTxBuffer                     0x08002775   Thumb Code    16  usbd_cdc.o(i.USBD_CDC_SetTxBuffer)
    USBD_CDC_TransmitPacket                  0x08002831   Thumb Code    54  usbd_cdc.o(i.USBD_CDC_TransmitPacket)
    USBD_ClrClassConfig                      0x08002867   Thumb Code    14  usbd_core.o(i.USBD_ClrClassConfig)
    USBD_CtlContinueRx                       0x08002875   Thumb Code    16  usbd_ioreq.o(i.USBD_CtlContinueRx)
    USBD_CtlContinueSendData                 0x08002885   Thumb Code    16  usbd_ioreq.o(i.USBD_CtlContinueSendData)
    USBD_CtlError                            0x08002895   Thumb Code    22  usbd_ctlreq.o(i.USBD_CtlError)
    USBD_CtlPrepareRx                        0x080028ab   Thumb Code    30  usbd_ioreq.o(i.USBD_CtlPrepareRx)
    USBD_CtlReceiveStatus                    0x080028c9   Thumb Code    22  usbd_ioreq.o(i.USBD_CtlReceiveStatus)
    USBD_CtlSendData                         0x080028df   Thumb Code    26  usbd_ioreq.o(i.USBD_CtlSendData)
    USBD_CtlSendStatus                       0x080028f9   Thumb Code    22  usbd_ioreq.o(i.USBD_CtlSendStatus)
    USBD_FS_ConfigStrDescriptor              0x08002911   Thumb Code    16  usbd_desc.o(i.USBD_FS_ConfigStrDescriptor)
    USBD_FS_DeviceDescriptor                 0x08002931   Thumb Code     8  usbd_desc.o(i.USBD_FS_DeviceDescriptor)
    USBD_FS_InterfaceStrDescriptor           0x0800293d   Thumb Code    16  usbd_desc.o(i.USBD_FS_InterfaceStrDescriptor)
    USBD_FS_LangIDStrDescriptor              0x08002961   Thumb Code     8  usbd_desc.o(i.USBD_FS_LangIDStrDescriptor)
    USBD_FS_ManufacturerStrDescriptor        0x0800296d   Thumb Code    16  usbd_desc.o(i.USBD_FS_ManufacturerStrDescriptor)
    USBD_FS_ProductStrDescriptor             0x08002995   Thumb Code    16  usbd_desc.o(i.USBD_FS_ProductStrDescriptor)
    USBD_FS_SerialStrDescriptor              0x080029c1   Thumb Code    48  usbd_desc.o(i.USBD_FS_SerialStrDescriptor)
    USBD_GetString                           0x08002ae1   Thumb Code    72  usbd_ctlreq.o(i.USBD_GetString)
    USBD_Get_USB_Status                      0x08002b29   Thumb Code    24  usbd_conf.o(i.USBD_Get_USB_Status)
    USBD_Init                                0x08002b41   Thumb Code    42  usbd_core.o(i.USBD_Init)
    USBD_LL_ClearStallEP                     0x08002b6b   Thumb Code    18  usbd_conf.o(i.USBD_LL_ClearStallEP)
    USBD_LL_CloseEP                          0x08002b7d   Thumb Code    18  usbd_conf.o(i.USBD_LL_CloseEP)
    USBD_LL_DataInStage                      0x08002b8f   Thumb Code   198  usbd_core.o(i.USBD_LL_DataInStage)
    USBD_LL_DataOutStage                     0x08002c55   Thumb Code   130  usbd_core.o(i.USBD_LL_DataOutStage)
    USBD_LL_DevConnected                     0x08002cd7   Thumb Code     4  usbd_core.o(i.USBD_LL_DevConnected)
    USBD_LL_DevDisconnected                  0x08002cdb   Thumb Code    22  usbd_core.o(i.USBD_LL_DevDisconnected)
    USBD_LL_GetRxDataSize                    0x08002cf1   Thumb Code     8  usbd_conf.o(i.USBD_LL_GetRxDataSize)
    USBD_LL_Init                             0x08002cf9   Thumb Code    92  usbd_conf.o(i.USBD_LL_Init)
    USBD_LL_IsStallEP                        0x08002d59   Thumb Code    32  usbd_conf.o(i.USBD_LL_IsStallEP)
    USBD_LL_IsoINIncomplete                  0x08002d79   Thumb Code     4  usbd_core.o(i.USBD_LL_IsoINIncomplete)
    USBD_LL_IsoOUTIncomplete                 0x08002d7d   Thumb Code     4  usbd_core.o(i.USBD_LL_IsoOUTIncomplete)
    USBD_LL_OpenEP                           0x08002d81   Thumb Code    24  usbd_conf.o(i.USBD_LL_OpenEP)
    USBD_LL_PrepareReceive                   0x08002d99   Thumb Code    18  usbd_conf.o(i.USBD_LL_PrepareReceive)
    USBD_LL_Reset                            0x08002dab   Thumb Code    80  usbd_core.o(i.USBD_LL_Reset)
    USBD_LL_Resume                           0x08002dfb   Thumb Code    12  usbd_core.o(i.USBD_LL_Resume)
    USBD_LL_SOF                              0x08002e07   Thumb Code    24  usbd_core.o(i.USBD_LL_SOF)
    USBD_LL_SetSpeed                         0x08002e1f   Thumb Code     6  usbd_core.o(i.USBD_LL_SetSpeed)
    USBD_LL_SetUSBAddress                    0x08002e25   Thumb Code    18  usbd_conf.o(i.USBD_LL_SetUSBAddress)
    USBD_LL_SetupStage                       0x08002e37   Thumb Code    90  usbd_core.o(i.USBD_LL_SetupStage)
    USBD_LL_StallEP                          0x08002e91   Thumb Code    18  usbd_conf.o(i.USBD_LL_StallEP)
    USBD_LL_Start                            0x08002ea3   Thumb Code    18  usbd_conf.o(i.USBD_LL_Start)
    USBD_LL_Suspend                          0x08002eb5   Thumb Code    18  usbd_core.o(i.USBD_LL_Suspend)
    USBD_LL_Transmit                         0x08002ec7   Thumb Code    18  usbd_conf.o(i.USBD_LL_Transmit)
    USBD_ParseSetupRequest                   0x08002ed9   Thumb Code    40  usbd_ctlreq.o(i.USBD_ParseSetupRequest)
    USBD_RegisterClass                       0x08002f01   Thumb Code    16  usbd_core.o(i.USBD_RegisterClass)
    USBD_SetClassConfig                      0x08002f11   Thumb Code    22  usbd_core.o(i.USBD_SetClassConfig)
    USBD_Start                               0x08002fad   Thumb Code    10  usbd_core.o(i.USBD_Start)
    USBD_StdDevReq                           0x08002fb7   Thumb Code   274  usbd_ctlreq.o(i.USBD_StdDevReq)
    USBD_StdEPReq                            0x080030c9   Thumb Code   336  usbd_ctlreq.o(i.USBD_StdEPReq)
    USBD_StdItfReq                           0x08003219   Thumb Code    78  usbd_ctlreq.o(i.USBD_StdItfReq)
    USB_ActivateEndpoint                     0x08003269   Thumb Code   122  stm32f4xx_ll_usb.o(i.USB_ActivateEndpoint)
    USB_ActivateSetup                        0x080032e9   Thumb Code    52  stm32f4xx_ll_usb.o(i.USB_ActivateSetup)
    USB_CoreInit                             0x0800331d   Thumb Code   112  stm32f4xx_ll_usb.o(i.USB_CoreInit)
    USB_DeactivateEndpoint                   0x080033c9   Thumb Code   118  stm32f4xx_ll_usb.o(i.USB_DeactivateEndpoint)
    USB_DevConnect                           0x08003449   Thumb Code    24  stm32f4xx_ll_usb.o(i.USB_DevConnect)
    USB_DevDisconnect                        0x08003461   Thumb Code    24  stm32f4xx_ll_usb.o(i.USB_DevDisconnect)
    USB_DevInit                              0x08003479   Thumb Code   378  stm32f4xx_ll_usb.o(i.USB_DevInit)
    USB_DisableGlobalInt                     0x08003605   Thumb Code    12  stm32f4xx_ll_usb.o(i.USB_DisableGlobalInt)
    USB_EP0StartXfer                         0x08003611   Thumb Code   276  stm32f4xx_ll_usb.o(i.USB_EP0StartXfer)
    USB_EP0_OutStart                         0x08003729   Thumb Code    84  stm32f4xx_ll_usb.o(i.USB_EP0_OutStart)
    USB_EPClearStall                         0x08003781   Thumb Code    88  stm32f4xx_ll_usb.o(i.USB_EPClearStall)
    USB_EPSetStall                           0x080037d9   Thumb Code    88  stm32f4xx_ll_usb.o(i.USB_EPSetStall)
    USB_EPStartXfer                          0x08003831   Thumb Code   482  stm32f4xx_ll_usb.o(i.USB_EPStartXfer)
    USB_EnableGlobalInt                      0x08003a19   Thumb Code    12  stm32f4xx_ll_usb.o(i.USB_EnableGlobalInt)
    USB_FlushRxFifo                          0x08003a25   Thumb Code    28  stm32f4xx_ll_usb.o(i.USB_FlushRxFifo)
    USB_FlushTxFifo                          0x08003a45   Thumb Code    32  stm32f4xx_ll_usb.o(i.USB_FlushTxFifo)
    USB_GetDevSpeed                          0x08003a69   Thumb Code    26  stm32f4xx_ll_usb.o(i.USB_GetDevSpeed)
    USB_GetMode                              0x08003a83   Thumb Code     8  stm32f4xx_ll_usb.o(i.USB_GetMode)
    USB_ReadDevAllInEpInterrupt              0x08003a8b   Thumb Code    14  stm32f4xx_ll_usb.o(i.USB_ReadDevAllInEpInterrupt)
    USB_ReadDevAllOutEpInterrupt             0x08003a99   Thumb Code    14  stm32f4xx_ll_usb.o(i.USB_ReadDevAllOutEpInterrupt)
    USB_ReadDevInEPInterrupt                 0x08003aa7   Thumb Code    36  stm32f4xx_ll_usb.o(i.USB_ReadDevInEPInterrupt)
    USB_ReadDevOutEPInterrupt                0x08003acb   Thumb Code    16  stm32f4xx_ll_usb.o(i.USB_ReadDevOutEPInterrupt)
    USB_ReadInterrupts                       0x08003adb   Thumb Code     8  stm32f4xx_ll_usb.o(i.USB_ReadInterrupts)
    USB_ReadPacket                           0x08003ae3   Thumb Code    28  stm32f4xx_ll_usb.o(i.USB_ReadPacket)
    USB_SetCurrentMode                       0x08003aff   Thumb Code    46  stm32f4xx_ll_usb.o(i.USB_SetCurrentMode)
    USB_SetDevAddress                        0x08003b2d   Thumb Code    34  stm32f4xx_ll_usb.o(i.USB_SetDevAddress)
    USB_SetTurnaroundTime                    0x08003b51   Thumb Code   158  stm32f4xx_ll_usb.o(i.USB_SetTurnaroundTime)
    USB_WritePacket                          0x08003c39   Thumb Code    36  stm32f4xx_ll_usb.o(i.USB_WritePacket)
    UsageFault_Handler                       0x08003c5d   Thumb Code     2  stm32f4xx_it.o(i.UsageFault_Handler)
    __scatterload_copy                       0x08003c7f   Thumb Code    14  handlers.o(i.__scatterload_copy)
    __scatterload_null                       0x08003c8d   Thumb Code     2  handlers.o(i.__scatterload_null)
    __scatterload_zeroinit                   0x08003c8f   Thumb Code    14  handlers.o(i.__scatterload_zeroinit)
    free                                     0x08003c9d   Thumb Code    76  malloc.o(i.free)
    main                                     0x08003ced   Thumb Code   124  main.o(i.main)
    malloc                                   0x08003d75   Thumb Code    92  malloc.o(i.malloc)
    AHBPrescTable                            0x08003de8   Data          16  system_stm32f4xx.o(.constdata)
    Region$$Table$$Base                      0x08003df8   Number         0  anon$$obj.o(Region$$Table)
    Region$$Table$$Limit                     0x08003e18   Number         0  anon$$obj.o(Region$$Table)
    DataToUSBSend                            0x20000000   Data           8  main.o(.data)
    FS_Desc                                  0x20000008   Data          28  usbd_desc.o(.data)
    USBD_LangIDDesc                          0x20000024   Data           4  usbd_desc.o(.data)
    USBD_FS_DeviceDesc                       0x20000028   Data          18  usbd_desc.o(.data)
    USBD_StringSerial                        0x2000003c   Data          26  usbd_desc.o(.data)
    USBD_Interface_fops_FS                   0x20000058   Data          16  usbd_cdc_if.o(.data)
    uwTickFreq                               0x20000068   Data           1  stm32f4xx_hal.o(.data)
    uwTickPrio                               0x2000006c   Data           4  stm32f4xx_hal.o(.data)
    uwTick                                   0x20000070   Data           4  stm32f4xx_hal.o(.data)
    SystemCoreClock                          0x20000074   Data           4  system_stm32f4xx.o(.data)
    USBD_CDC_CfgHSDesc                       0x20000088   Data          67  usbd_cdc.o(.data)
    USBD_CDC_CfgFSDesc                       0x200000cc   Data          67  usbd_cdc.o(.data)
    USBD_CDC_OtherSpeedCfgDesc               0x20000110   Data          67  usbd_cdc.o(.data)
    USBD_CDC                                 0x20000154   Data          56  usbd_cdc.o(.data)
    __microlib_freelist                      0x2000018c   Data           4  mvars.o(.data)
    __microlib_freelist_initialised          0x20000190   Data           4  mvars.o(.data)
    hadc1                                    0x20000194   Data          72  main.o(.bss)
    hadc2                                    0x200001dc   Data          72  main.o(.bss)
    hadc3                                    0x20000224   Data          72  main.o(.bss)
    ADCDataBuf                               0x2000026c   Data         120  main.o(.bss)
    hdma_adc1                                0x200002e4   Data          96  main.o(.bss)
    hUsbDeviceFS                             0x20000344   Data         668  usb_device.o(.bss)
    hpcd_USB_OTG_FS                          0x200005e0   Data        1032  usbd_conf.o(.bss)
    USBD_StrDesc                             0x200009e8   Data         512  usbd_desc.o(.bss)
    UserRxBufferFS                           0x20000be8   Data        2048  usbd_cdc_if.o(.bss)
    UserTxBufferFS                           0x200013e8   Data        2048  usbd_cdc_if.o(.bss)
    __heap_base                              0x20001be8   Data           0  startup_stm32f407xx.o(HEAP)
    __heap_limit                             0x20001fe8   Data           0  startup_stm32f407xx.o(HEAP)
    __initial_sp                             0x200023e8   Data           0  startup_stm32f407xx.o(STACK)



==============================================================================

Memory Map of the image

  Image Entry point : 0x08000189

  Load Region LR_IROM1 (Base: 0x08000000, Size: 0x00003fac, Max: 0x00100000, ABSOLUTE, COMPRESSED[0x00003edc])

    Execution Region ER_IROM1 (Exec base: 0x08000000, Load base: 0x08000000, Size: 0x00003e18, Max: 0x00100000, ABSOLUTE)

    Exec Addr    Load Addr    Size         Type   Attr      Idx    E Section Name        Object

    0x08000000   0x08000000   0x00000188   Data   RO            3    RESET               startup_stm32f407xx.o
    0x08000188   0x08000188   0x00000000   Code   RO         3125  * .ARM.Collect$$$$00000000  mc_w.l(entry.o)
    0x08000188   0x08000188   0x00000004   Code   RO         3164    .ARM.Collect$$$$00000001  mc_w.l(entry2.o)
    0x0800018c   0x0800018c   0x00000004   Code   RO         3167    .ARM.Collect$$$$00000004  mc_w.l(entry5.o)
    0x08000190   0x08000190   0x00000000   Code   RO         3169    .ARM.Collect$$$$00000008  mc_w.l(entry7b.o)
    0x08000190   0x08000190   0x00000000   Code   RO         3171    .ARM.Collect$$$$0000000A  mc_w.l(entry8b.o)
    0x08000190   0x08000190   0x00000008   Code   RO         3172    .ARM.Collect$$$$0000000B  mc_w.l(entry9a.o)
    0x08000198   0x08000198   0x00000000   Code   RO         3174    .ARM.Collect$$$$0000000D  mc_w.l(entry10a.o)
    0x08000198   0x08000198   0x00000000   Code   RO         3176    .ARM.Collect$$$$0000000F  mc_w.l(entry11a.o)
    0x08000198   0x08000198   0x00000004   Code   RO         3165    .ARM.Collect$$$$00002712  mc_w.l(entry2.o)
    0x0800019c   0x0800019c   0x00000024   Code   RO            4    .text               startup_stm32f407xx.o
    0x080001c0   0x080001c0   0x00000062   Code   RO         3128    .text               mc_w.l(uldiv.o)
    0x08000222   0x08000222   0x00000024   Code   RO         3130    .text               mc_w.l(memcpya.o)
    0x08000246   0x08000246   0x00000024   Code   RO         3132    .text               mc_w.l(memseta.o)
    0x0800026a   0x0800026a   0x0000001e   Code   RO         3178    .text               mc_w.l(llshl.o)
    0x08000288   0x08000288   0x00000020   Code   RO         3180    .text               mc_w.l(llushr.o)
    0x080002a8   0x080002a8   0x00000024   Code   RO         3184    .text               mc_w.l(init.o)
    0x080002cc   0x080002cc   0x00000056   Code   RO         3194    .text               mc_w.l(__dczerorl2.o)
    0x08000322   0x08000322   0x00000002   PAD
    0x08000324   0x08000324   0x00000024   Code   RO          582    i.ADC_IRQHandler    stm32f4xx_it.o
    0x08000348   0x08000348   0x00000128   Code   RO         1284    i.ADC_Init          stm32f4xx_hal_adc.o
    0x08000470   0x08000470   0x0000005a   Code   RO         1451    i.ADC_MultiModeDMAConvCplt  stm32f4xx_hal_adc_ex.o
    0x080004ca   0x080004ca   0x00000012   Code   RO         1452    i.ADC_MultiModeDMAError  stm32f4xx_hal_adc_ex.o
    0x080004dc   0x080004dc   0x00000006   Code   RO         1453    i.ADC_MultiModeDMAHalfConvCplt  stm32f4xx_hal_adc_ex.o
    0x080004e2   0x080004e2   0x00000002   Code   RO          583    i.BusFault_Handler  stm32f4xx_it.o
    0x080004e4   0x080004e4   0x00000004   Code   RO          530    i.CDC_Control_FS    usbd_cdc_if.o
    0x080004e8   0x080004e8   0x00000004   Code   RO          531    i.CDC_DeInit_FS     usbd_cdc_if.o
    0x080004ec   0x080004ec   0x00000024   Code   RO          532    i.CDC_Init_FS       usbd_cdc_if.o
    0x08000510   0x08000510   0x00000028   Code   RO          533    i.CDC_Receive_FS    usbd_cdc_if.o
    0x08000538   0x08000538   0x0000002c   Code   RO          534    i.CDC_Transmit_FS   usbd_cdc_if.o
    0x08000564   0x08000564   0x0000000c   Code   RO          584    i.DMA2_Stream0_IRQHandler  stm32f4xx_it.o
    0x08000570   0x08000570   0x00000028   Code   RO         2051    i.DMA_CalcBaseAndBitshift  stm32f4xx_hal_dma.o
    0x08000598   0x08000598   0x00000054   Code   RO         2052    i.DMA_CheckFifoParam  stm32f4xx_hal_dma.o
    0x080005ec   0x080005ec   0x00000028   Code   RO         2053    i.DMA_SetConfig     stm32f4xx_hal_dma.o
    0x08000614   0x08000614   0x00000002   Code   RO          585    i.DebugMon_Handler  stm32f4xx_it.o
    0x08000616   0x08000616   0x00000008   Code   RO          586    i.EXTI15_10_IRQHandler  stm32f4xx_it.o
    0x0800061e   0x0800061e   0x00000002   Code   RO           13    i.Error_Handler     main.o
    0x08000620   0x08000620   0x00000002   Code   RO         1455    i.HAL_ADCEx_InjectedConvCpltCallback  stm32f4xx_hal_adc_ex.o
    0x08000622   0x08000622   0x00000002   PAD
    0x08000624   0x08000624   0x00000054   Code   RO         1462    i.HAL_ADCEx_MultiModeConfigChannel  stm32f4xx_hal_adc_ex.o
    0x08000678   0x08000678   0x000000fc   Code   RO         1464    i.HAL_ADCEx_MultiModeStart_DMA  stm32f4xx_hal_adc_ex.o
    0x08000774   0x08000774   0x0000014c   Code   RO         1286    i.HAL_ADC_ConfigChannel  stm32f4xx_hal_adc.o
    0x080008c0   0x080008c0   0x00000002   Code   RO           14    i.HAL_ADC_ConvCpltCallback  main.o
    0x080008c2   0x080008c2   0x00000002   Code   RO         1288    i.HAL_ADC_ConvHalfCpltCallback  stm32f4xx_hal_adc.o
    0x080008c4   0x080008c4   0x00000002   Code   RO         1290    i.HAL_ADC_ErrorCallback  stm32f4xx_hal_adc.o
    0x080008c6   0x080008c6   0x0000013c   Code   RO         1294    i.HAL_ADC_IRQHandler  stm32f4xx_hal_adc.o
    0x08000a02   0x08000a02   0x00000054   Code   RO         1295    i.HAL_ADC_Init      stm32f4xx_hal_adc.o
    0x08000a56   0x08000a56   0x00000002   Code   RO         1296    i.HAL_ADC_LevelOutOfWindowCallback  stm32f4xx_hal_adc.o
    0x08000a58   0x08000a58   0x00000100   Code   RO          683    i.HAL_ADC_MspInit   stm32f4xx_hal_msp.o
    0x08000b58   0x08000b58   0x000000ec   Code   RO         1301    i.HAL_ADC_Start     stm32f4xx_hal_adc.o
    0x08000c44   0x08000c44   0x000001a0   Code   RO         2059    i.HAL_DMA_IRQHandler  stm32f4xx_hal_dma.o
    0x08000de4   0x08000de4   0x000000d4   Code   RO         2060    i.HAL_DMA_Init      stm32f4xx_hal_dma.o
    0x08000eb8   0x08000eb8   0x00000078   Code   RO         2064    i.HAL_DMA_Start_IT  stm32f4xx_hal_dma.o
    0x08000f30   0x08000f30   0x00000024   Code   RO         2473    i.HAL_Delay         stm32f4xx_hal.o
    0x08000f54   0x08000f54   0x00000002   Code   RO         1945    i.HAL_GPIO_EXTI_Callback  stm32f4xx_hal_gpio.o
    0x08000f56   0x08000f56   0x00000002   PAD
    0x08000f58   0x08000f58   0x00000018   Code   RO         1946    i.HAL_GPIO_EXTI_IRQHandler  stm32f4xx_hal_gpio.o
    0x08000f70   0x08000f70   0x000001b0   Code   RO         1947    i.HAL_GPIO_Init     stm32f4xx_hal_gpio.o
    0x08001120   0x08001120   0x0000000e   Code   RO         1950    i.HAL_GPIO_TogglePin  stm32f4xx_hal_gpio.o
    0x0800112e   0x0800112e   0x0000000a   Code   RO         1951    i.HAL_GPIO_WritePin  stm32f4xx_hal_gpio.o
    0x08001138   0x08001138   0x0000000c   Code   RO         2479    i.HAL_GetTick       stm32f4xx_hal.o
    0x08001144   0x08001144   0x00000010   Code   RO         2485    i.HAL_IncTick       stm32f4xx_hal.o
    0x08001154   0x08001154   0x00000034   Code   RO         2486    i.HAL_Init          stm32f4xx_hal.o
    0x08001188   0x08001188   0x00000040   Code   RO         2487    i.HAL_InitTick      stm32f4xx_hal.o
    0x080011c8   0x080011c8   0x00000030   Code   RO          684    i.HAL_MspInit       stm32f4xx_hal_msp.o
    0x080011f8   0x080011f8   0x0000001a   Code   RO         2336    i.HAL_NVIC_EnableIRQ  stm32f4xx_hal_cortex.o
    0x08001212   0x08001212   0x00000002   PAD
    0x08001214   0x08001214   0x00000040   Code   RO         2342    i.HAL_NVIC_SetPriority  stm32f4xx_hal_cortex.o
    0x08001254   0x08001254   0x00000024   Code   RO         2343    i.HAL_NVIC_SetPriorityGrouping  stm32f4xx_hal_cortex.o
    0x08001278   0x08001278   0x00000002   Code   RO          940    i.HAL_PCDEx_LPM_Callback  stm32f4xx_hal_pcd_ex.o
    0x0800127a   0x0800127a   0x00000008   Code   RO          941    i.HAL_PCDEx_SetRxFiFo  stm32f4xx_hal_pcd_ex.o
    0x08001282   0x08001282   0x00000044   Code   RO          942    i.HAL_PCDEx_SetTxFiFo  stm32f4xx_hal_pcd_ex.o
    0x080012c6   0x080012c6   0x00000008   Code   RO          249    i.HAL_PCD_ConnectCallback  usbd_conf.o
    0x080012ce   0x080012ce   0x00000012   Code   RO          250    i.HAL_PCD_DataInStageCallback  usbd_conf.o
    0x080012e0   0x080012e0   0x00000014   Code   RO          251    i.HAL_PCD_DataOutStageCallback  usbd_conf.o
    0x080012f4   0x080012f4   0x00000008   Code   RO          252    i.HAL_PCD_DisconnectCallback  usbd_conf.o
    0x080012fc   0x080012fc   0x0000004c   Code   RO          728    i.HAL_PCD_EP_Close  stm32f4xx_hal_pcd.o
    0x08001348   0x08001348   0x0000005c   Code   RO          729    i.HAL_PCD_EP_ClrStall  stm32f4xx_hal_pcd.o
    0x080013a4   0x080013a4   0x00000012   Code   RO          731    i.HAL_PCD_EP_GetRxCount  stm32f4xx_hal_pcd.o
    0x080013b6   0x080013b6   0x00000060   Code   RO          732    i.HAL_PCD_EP_Open   stm32f4xx_hal_pcd.o
    0x08001416   0x08001416   0x00000048   Code   RO          733    i.HAL_PCD_EP_Receive  stm32f4xx_hal_pcd.o
    0x0800145e   0x0800145e   0x00000074   Code   RO          734    i.HAL_PCD_EP_SetStall  stm32f4xx_hal_pcd.o
    0x080014d2   0x080014d2   0x00000040   Code   RO          735    i.HAL_PCD_EP_Transmit  stm32f4xx_hal_pcd.o
    0x08001512   0x08001512   0x00000002   PAD
    0x08001514   0x08001514   0x00000464   Code   RO          737    i.HAL_PCD_IRQHandler  stm32f4xx_hal_pcd.o
    0x08001978   0x08001978   0x00000008   Code   RO          253    i.HAL_PCD_ISOINIncompleteCallback  usbd_conf.o
    0x08001980   0x08001980   0x00000008   Code   RO          254    i.HAL_PCD_ISOOUTIncompleteCallback  usbd_conf.o
    0x08001988   0x08001988   0x000000e2   Code   RO          740    i.HAL_PCD_Init      stm32f4xx_hal_pcd.o
    0x08001a6a   0x08001a6a   0x00000002   PAD
    0x08001a6c   0x08001a6c   0x00000098   Code   RO          256    i.HAL_PCD_MspInit   usbd_conf.o
    0x08001b04   0x08001b04   0x0000002c   Code   RO          257    i.HAL_PCD_ResetCallback  usbd_conf.o
    0x08001b30   0x08001b30   0x00000008   Code   RO          258    i.HAL_PCD_ResumeCallback  usbd_conf.o
    0x08001b38   0x08001b38   0x00000008   Code   RO          259    i.HAL_PCD_SOFCallback  usbd_conf.o
    0x08001b40   0x08001b40   0x00000028   Code   RO          746    i.HAL_PCD_SetAddress  stm32f4xx_hal_pcd.o
    0x08001b68   0x08001b68   0x0000000e   Code   RO          260    i.HAL_PCD_SetupStageCallback  usbd_conf.o
    0x08001b76   0x08001b76   0x00000042   Code   RO          748    i.HAL_PCD_Start     stm32f4xx_hal_pcd.o
    0x08001bb8   0x08001bb8   0x00000030   Code   RO          261    i.HAL_PCD_SuspendCallback  usbd_conf.o
    0x08001be8   0x08001be8   0x00000130   Code   RO         1593    i.HAL_RCC_ClockConfig  stm32f4xx_hal_rcc.o
    0x08001d18   0x08001d18   0x0000000c   Code   RO         1598    i.HAL_RCC_GetHCLKFreq  stm32f4xx_hal_rcc.o
    0x08001d24   0x08001d24   0x00000060   Code   RO         1602    i.HAL_RCC_GetSysClockFreq  stm32f4xx_hal_rcc.o
    0x08001d84   0x08001d84   0x0000031c   Code   RO         1605    i.HAL_RCC_OscConfig  stm32f4xx_hal_rcc.o
    0x080020a0   0x080020a0   0x00000028   Code   RO         2347    i.HAL_SYSTICK_Config  stm32f4xx_hal_cortex.o
    0x080020c8   0x080020c8   0x00000002   Code   RO          587    i.HardFault_Handler  stm32f4xx_it.o
    0x080020ca   0x080020ca   0x00000002   PAD
    0x080020cc   0x080020cc   0x00000038   Code   RO          444    i.IntToUnicode      usbd_desc.o
    0x08002104   0x08002104   0x00000070   Code   RO           15    i.MX_ADC1_Init      main.o
    0x08002174   0x08002174   0x0000004c   Code   RO           16    i.MX_ADC2_Init      main.o
    0x080021c0   0x080021c0   0x0000004c   Code   RO           17    i.MX_ADC3_Init      main.o
    0x0800220c   0x0800220c   0x000000bc   Code   RO           18    i.MX_GPIO_Init      main.o
    0x080022c8   0x080022c8   0x00000054   Code   RO          218    i.MX_USB_DEVICE_Init  usb_device.o
    0x0800231c   0x0800231c   0x00000002   Code   RO          588    i.MemManage_Handler  stm32f4xx_it.o
    0x0800231e   0x0800231e   0x00000002   Code   RO          589    i.NMI_Handler       stm32f4xx_it.o
    0x08002320   0x08002320   0x0000000c   Code   RO          590    i.OTG_FS_IRQHandler  stm32f4xx_it.o
    0x0800232c   0x0800232c   0x000000dc   Code   RO          751    i.PCD_EP_OutXfrComplete_int  stm32f4xx_hal_pcd.o
    0x08002408   0x08002408   0x000000a2   Code   RO          752    i.PCD_WriteEmptyTxFifo  stm32f4xx_hal_pcd.o
    0x080024aa   0x080024aa   0x00000002   Code   RO          591    i.PendSV_Handler    stm32f4xx_it.o
    0x080024ac   0x080024ac   0x00000002   Code   RO          592    i.SVC_Handler       stm32f4xx_it.o
    0x080024ae   0x080024ae   0x00000004   Code   RO          593    i.SysTick_Handler   stm32f4xx_it.o
    0x080024b2   0x080024b2   0x00000002   PAD
    0x080024b4   0x080024b4   0x00000084   Code   RO           19    i.SystemClock_Config  main.o
    0x08002538   0x08002538   0x00000054   Code   RO         2722    i.SystemInit        system_stm32f4xx.o
    0x0800258c   0x0800258c   0x0000004a   Code   RO         3022    i.USBD_CDC_DataIn   usbd_cdc.o
    0x080025d6   0x080025d6   0x0000002e   Code   RO         3023    i.USBD_CDC_DataOut  usbd_cdc.o
    0x08002604   0x08002604   0x00000044   Code   RO         3024    i.USBD_CDC_DeInit   usbd_cdc.o
    0x08002648   0x08002648   0x00000024   Code   RO         3025    i.USBD_CDC_EP0_RxReady  usbd_cdc.o
    0x0800266c   0x0800266c   0x0000000c   Code   RO         3026    i.USBD_CDC_GetDeviceQualifierDescriptor  usbd_cdc.o
    0x08002678   0x08002678   0x0000000c   Code   RO         3027    i.USBD_CDC_GetFSCfgDesc  usbd_cdc.o
    0x08002684   0x08002684   0x0000000c   Code   RO         3028    i.USBD_CDC_GetHSCfgDesc  usbd_cdc.o
    0x08002690   0x08002690   0x0000000c   Code   RO         3029    i.USBD_CDC_GetOtherSpeedCfgDesc  usbd_cdc.o
    0x0800269c   0x0800269c   0x00000094   Code   RO         3030    i.USBD_CDC_Init     usbd_cdc.o
    0x08002730   0x08002730   0x00000028   Code   RO         3031    i.USBD_CDC_ReceivePacket  usbd_cdc.o
    0x08002758   0x08002758   0x00000010   Code   RO         3032    i.USBD_CDC_RegisterInterface  usbd_cdc.o
    0x08002768   0x08002768   0x0000000c   Code   RO         3033    i.USBD_CDC_SetRxBuffer  usbd_cdc.o
    0x08002774   0x08002774   0x00000010   Code   RO         3034    i.USBD_CDC_SetTxBuffer  usbd_cdc.o
    0x08002784   0x08002784   0x000000ac   Code   RO         3035    i.USBD_CDC_Setup    usbd_cdc.o
    0x08002830   0x08002830   0x00000036   Code   RO         3036    i.USBD_CDC_TransmitPacket  usbd_cdc.o
    0x08002866   0x08002866   0x0000000e   Code   RO         2759    i.USBD_ClrClassConfig  usbd_core.o
    0x08002874   0x08002874   0x00000010   Code   RO         2962    i.USBD_CtlContinueRx  usbd_ioreq.o
    0x08002884   0x08002884   0x00000010   Code   RO         2963    i.USBD_CtlContinueSendData  usbd_ioreq.o
    0x08002894   0x08002894   0x00000016   Code   RO         2897    i.USBD_CtlError     usbd_ctlreq.o
    0x080028aa   0x080028aa   0x0000001e   Code   RO         2964    i.USBD_CtlPrepareRx  usbd_ioreq.o
    0x080028c8   0x080028c8   0x00000016   Code   RO         2965    i.USBD_CtlReceiveStatus  usbd_ioreq.o
    0x080028de   0x080028de   0x0000001a   Code   RO         2966    i.USBD_CtlSendData  usbd_ioreq.o
    0x080028f8   0x080028f8   0x00000016   Code   RO         2967    i.USBD_CtlSendStatus  usbd_ioreq.o
    0x0800290e   0x0800290e   0x00000002   PAD
    0x08002910   0x08002910   0x00000020   Code   RO          445    i.USBD_FS_ConfigStrDescriptor  usbd_desc.o
    0x08002930   0x08002930   0x0000000c   Code   RO          446    i.USBD_FS_DeviceDescriptor  usbd_desc.o
    0x0800293c   0x0800293c   0x00000024   Code   RO          447    i.USBD_FS_InterfaceStrDescriptor  usbd_desc.o
    0x08002960   0x08002960   0x0000000c   Code   RO          448    i.USBD_FS_LangIDStrDescriptor  usbd_desc.o
    0x0800296c   0x0800296c   0x00000028   Code   RO          449    i.USBD_FS_ManufacturerStrDescriptor  usbd_desc.o
    0x08002994   0x08002994   0x0000002c   Code   RO          450    i.USBD_FS_ProductStrDescriptor  usbd_desc.o
    0x080029c0   0x080029c0   0x00000038   Code   RO          451    i.USBD_FS_SerialStrDescriptor  usbd_desc.o
    0x080029f8   0x080029f8   0x000000e8   Code   RO         2898    i.USBD_GetDescriptor  usbd_ctlreq.o
    0x08002ae0   0x08002ae0   0x00000048   Code   RO         2899    i.USBD_GetString    usbd_ctlreq.o
    0x08002b28   0x08002b28   0x00000018   Code   RO          262    i.USBD_Get_USB_Status  usbd_conf.o
    0x08002b40   0x08002b40   0x0000002a   Code   RO         2761    i.USBD_Init         usbd_core.o
    0x08002b6a   0x08002b6a   0x00000012   Code   RO          263    i.USBD_LL_ClearStallEP  usbd_conf.o
    0x08002b7c   0x08002b7c   0x00000012   Code   RO          264    i.USBD_LL_CloseEP   usbd_conf.o
    0x08002b8e   0x08002b8e   0x000000c6   Code   RO         2762    i.USBD_LL_DataInStage  usbd_core.o
    0x08002c54   0x08002c54   0x00000082   Code   RO         2763    i.USBD_LL_DataOutStage  usbd_core.o
    0x08002cd6   0x08002cd6   0x00000004   Code   RO         2764    i.USBD_LL_DevConnected  usbd_core.o
    0x08002cda   0x08002cda   0x00000016   Code   RO         2765    i.USBD_LL_DevDisconnected  usbd_core.o
    0x08002cf0   0x08002cf0   0x00000008   Code   RO          268    i.USBD_LL_GetRxDataSize  usbd_conf.o
    0x08002cf8   0x08002cf8   0x00000060   Code   RO          269    i.USBD_LL_Init      usbd_conf.o
    0x08002d58   0x08002d58   0x00000020   Code   RO          270    i.USBD_LL_IsStallEP  usbd_conf.o
    0x08002d78   0x08002d78   0x00000004   Code   RO         2766    i.USBD_LL_IsoINIncomplete  usbd_core.o
    0x08002d7c   0x08002d7c   0x00000004   Code   RO         2767    i.USBD_LL_IsoOUTIncomplete  usbd_core.o
    0x08002d80   0x08002d80   0x00000018   Code   RO          271    i.USBD_LL_OpenEP    usbd_conf.o
    0x08002d98   0x08002d98   0x00000012   Code   RO          272    i.USBD_LL_PrepareReceive  usbd_conf.o
    0x08002daa   0x08002daa   0x00000050   Code   RO         2768    i.USBD_LL_Reset     usbd_core.o
    0x08002dfa   0x08002dfa   0x0000000c   Code   RO         2769    i.USBD_LL_Resume    usbd_core.o
    0x08002e06   0x08002e06   0x00000018   Code   RO         2770    i.USBD_LL_SOF       usbd_core.o
    0x08002e1e   0x08002e1e   0x00000006   Code   RO         2771    i.USBD_LL_SetSpeed  usbd_core.o
    0x08002e24   0x08002e24   0x00000012   Code   RO          273    i.USBD_LL_SetUSBAddress  usbd_conf.o
    0x08002e36   0x08002e36   0x0000005a   Code   RO         2772    i.USBD_LL_SetupStage  usbd_core.o
    0x08002e90   0x08002e90   0x00000012   Code   RO          274    i.USBD_LL_StallEP   usbd_conf.o
    0x08002ea2   0x08002ea2   0x00000012   Code   RO          275    i.USBD_LL_Start     usbd_conf.o
    0x08002eb4   0x08002eb4   0x00000012   Code   RO         2773    i.USBD_LL_Suspend   usbd_core.o
    0x08002ec6   0x08002ec6   0x00000012   Code   RO          277    i.USBD_LL_Transmit  usbd_conf.o
    0x08002ed8   0x08002ed8   0x00000028   Code   RO         2900    i.USBD_ParseSetupRequest  usbd_ctlreq.o
    0x08002f00   0x08002f00   0x00000010   Code   RO         2774    i.USBD_RegisterClass  usbd_core.o
    0x08002f10   0x08002f10   0x00000016   Code   RO         2776    i.USBD_SetClassConfig  usbd_core.o
    0x08002f26   0x08002f26   0x00000002   PAD
    0x08002f28   0x08002f28   0x00000084   Code   RO         2901    i.USBD_SetConfig    usbd_ctlreq.o
    0x08002fac   0x08002fac   0x0000000a   Code   RO         2777    i.USBD_Start        usbd_core.o
    0x08002fb6   0x08002fb6   0x00000112   Code   RO         2902    i.USBD_StdDevReq    usbd_ctlreq.o
    0x080030c8   0x080030c8   0x00000150   Code   RO         2903    i.USBD_StdEPReq     usbd_ctlreq.o
    0x08003218   0x08003218   0x0000004e   Code   RO         2904    i.USBD_StdItfReq    usbd_ctlreq.o
    0x08003266   0x08003266   0x00000002   PAD
    0x08003268   0x08003268   0x00000080   Code   RO          982    i.USB_ActivateEndpoint  stm32f4xx_ll_usb.o
    0x080032e8   0x080032e8   0x00000034   Code   RO          984    i.USB_ActivateSetup  stm32f4xx_ll_usb.o
    0x0800331c   0x0800331c   0x00000074   Code   RO          986    i.USB_CoreInit      stm32f4xx_ll_usb.o
    0x08003390   0x08003390   0x00000038   Code   RO          987    i.USB_CoreReset     stm32f4xx_ll_usb.o
    0x080033c8   0x080033c8   0x00000080   Code   RO          990    i.USB_DeactivateEndpoint  stm32f4xx_ll_usb.o
    0x08003448   0x08003448   0x00000018   Code   RO          991    i.USB_DevConnect    stm32f4xx_ll_usb.o
    0x08003460   0x08003460   0x00000018   Code   RO          992    i.USB_DevDisconnect  stm32f4xx_ll_usb.o
    0x08003478   0x08003478   0x0000018c   Code   RO          993    i.USB_DevInit       stm32f4xx_ll_usb.o
    0x08003604   0x08003604   0x0000000c   Code   RO          994    i.USB_DisableGlobalInt  stm32f4xx_ll_usb.o
    0x08003610   0x08003610   0x00000118   Code   RO          997    i.USB_EP0StartXfer  stm32f4xx_ll_usb.o
    0x08003728   0x08003728   0x00000058   Code   RO          998    i.USB_EP0_OutStart  stm32f4xx_ll_usb.o
    0x08003780   0x08003780   0x00000058   Code   RO          999    i.USB_EPClearStall  stm32f4xx_ll_usb.o
    0x080037d8   0x080037d8   0x00000058   Code   RO         1000    i.USB_EPSetStall    stm32f4xx_ll_usb.o
    0x08003830   0x08003830   0x000001e8   Code   RO         1001    i.USB_EPStartXfer   stm32f4xx_ll_usb.o
    0x08003a18   0x08003a18   0x0000000c   Code   RO         1002    i.USB_EnableGlobalInt  stm32f4xx_ll_usb.o
    0x08003a24   0x08003a24   0x00000020   Code   RO         1003    i.USB_FlushRxFifo   stm32f4xx_ll_usb.o
    0x08003a44   0x08003a44   0x00000024   Code   RO         1004    i.USB_FlushTxFifo   stm32f4xx_ll_usb.o
    0x08003a68   0x08003a68   0x0000001a   Code   RO         1006    i.USB_GetDevSpeed   stm32f4xx_ll_usb.o
    0x08003a82   0x08003a82   0x00000008   Code   RO         1008    i.USB_GetMode       stm32f4xx_ll_usb.o
    0x08003a8a   0x08003a8a   0x0000000e   Code   RO         1015    i.USB_ReadDevAllInEpInterrupt  stm32f4xx_ll_usb.o
    0x08003a98   0x08003a98   0x0000000e   Code   RO         1016    i.USB_ReadDevAllOutEpInterrupt  stm32f4xx_ll_usb.o
    0x08003aa6   0x08003aa6   0x00000024   Code   RO         1017    i.USB_ReadDevInEPInterrupt  stm32f4xx_ll_usb.o
    0x08003aca   0x08003aca   0x00000010   Code   RO         1018    i.USB_ReadDevOutEPInterrupt  stm32f4xx_ll_usb.o
    0x08003ada   0x08003ada   0x00000008   Code   RO         1019    i.USB_ReadInterrupts  stm32f4xx_ll_usb.o
    0x08003ae2   0x08003ae2   0x0000001c   Code   RO         1020    i.USB_ReadPacket    stm32f4xx_ll_usb.o
    0x08003afe   0x08003afe   0x0000002e   Code   RO         1022    i.USB_SetCurrentMode  stm32f4xx_ll_usb.o
    0x08003b2c   0x08003b2c   0x00000022   Code   RO         1023    i.USB_SetDevAddress  stm32f4xx_ll_usb.o
    0x08003b4e   0x08003b4e   0x00000002   PAD
    0x08003b50   0x08003b50   0x000000e8   Code   RO         1025    i.USB_SetTurnaroundTime  stm32f4xx_ll_usb.o
    0x08003c38   0x08003c38   0x00000024   Code   RO         1028    i.USB_WritePacket   stm32f4xx_ll_usb.o
    0x08003c5c   0x08003c5c   0x00000002   Code   RO          594    i.UsageFault_Handler  stm32f4xx_it.o
    0x08003c5e   0x08003c5e   0x00000020   Code   RO         2349    i.__NVIC_SetPriority  stm32f4xx_hal_cortex.o
    0x08003c7e   0x08003c7e   0x0000000e   Code   RO         3188    i.__scatterload_copy  mc_w.l(handlers.o)
    0x08003c8c   0x08003c8c   0x00000002   Code   RO         3189    i.__scatterload_null  mc_w.l(handlers.o)
    0x08003c8e   0x08003c8e   0x0000000e   Code   RO         3190    i.__scatterload_zeroinit  mc_w.l(handlers.o)
    0x08003c9c   0x08003c9c   0x00000050   Code   RO         3136    i.free              mc_w.l(malloc.o)
    0x08003cec   0x08003cec   0x00000088   Code   RO           20    i.main              main.o
    0x08003d74   0x08003d74   0x0000006c   Code   RO         3137    i.malloc            mc_w.l(malloc.o)
    0x08003de0   0x08003de0   0x00000008   Data   RO         2066    .constdata          stm32f4xx_hal_dma.o
    0x08003de8   0x08003de8   0x00000010   Data   RO         2723    .constdata          system_stm32f4xx.o
    0x08003df8   0x08003df8   0x00000020   Data   RO         3186    Region$$Table       anon$$obj.o


    Execution Region RW_IRAM1 (Exec base: 0x20000000, Load base: 0x08003e18, Size: 0x000023e8, Max: 0x00020000, ABSOLUTE, COMPRESSED[0x000000c4])

    Exec Addr    Load Addr    Size         Type   Attr      Idx    E Section Name        Object

    0x20000000   COMPRESSED   0x00000008   Data   RW           23    .data               main.o
    0x20000008   COMPRESSED   0x0000001c   Data   RW          453    .data               usbd_desc.o
    0x20000024   COMPRESSED   0x00000032   Data   RW          454    .data               usbd_desc.o
    0x20000056   COMPRESSED   0x00000002   PAD
    0x20000058   COMPRESSED   0x00000010   Data   RW          536    .data               usbd_cdc_if.o
    0x20000068   COMPRESSED   0x0000000c   Data   RW         2493    .data               stm32f4xx_hal.o
    0x20000074   COMPRESSED   0x00000004   Data   RW         2725    .data               system_stm32f4xx.o
    0x20000078   COMPRESSED   0x00000001   Data   RW         2905    .data               usbd_ctlreq.o
    0x20000079   COMPRESSED   0x00000003   PAD
    0x2000007c   COMPRESSED   0x000000d7   Data   RW         3037    .data               usbd_cdc.o
    0x20000153   COMPRESSED   0x00000001   PAD
    0x20000154   COMPRESSED   0x00000038   Data   RW         3038    .data               usbd_cdc.o
    0x2000018c   COMPRESSED   0x00000004   Data   RW         3182    .data               mc_w.l(mvars.o)
    0x20000190   COMPRESSED   0x00000004   Data   RW         3183    .data               mc_w.l(mvars.o)
    0x20000194        -       0x00000150   Zero   RW           21    .bss                main.o
    0x200002e4        -       0x00000060   Zero   RW           22    .bss                main.o
    0x20000344        -       0x0000029c   Zero   RW          219    .bss                usb_device.o
    0x200005e0        -       0x00000408   Zero   RW          278    .bss                usbd_conf.o
    0x200009e8        -       0x00000200   Zero   RW          452    .bss                usbd_desc.o
    0x20000be8        -       0x00001000   Zero   RW          535    .bss                usbd_cdc_if.o
    0x20001be8        -       0x00000400   Zero   RW            2    HEAP                startup_stm32f407xx.o
    0x20001fe8        -       0x00000400   Zero   RW            1    STACK               startup_stm32f407xx.o


==============================================================================

Image component sizes


      Code (inc. data)   RO Data    RW Data    ZI Data      Debug   Object Name

       724         64          0          8        432     690889   main.o
        36          8        392          0       2048        832   startup_stm32f407xx.o
       180         28          0         12          0       4537   stm32f4xx_hal.o
      1270         54          0          0          0       6258   stm32f4xx_hal_adc.o
       452         32          0          0          0       4567   stm32f4xx_hal_adc_ex.o
       198         14          0          0          0      33911   stm32f4xx_hal_cortex.o
       912         16          8          0          0       5771   stm32f4xx_hal_dma.o
       482         50          0          0          0       4193   stm32f4xx_hal_gpio.o
       304         36          0          0          0       1816   stm32f4xx_hal_msp.o
      2372         18          0          0          0      12821   stm32f4xx_hal_pcd.o
        78          0          0          0          0       2377   stm32f4xx_hal_pcd_ex.o
      1208         58          0          0          0       4410   stm32f4xx_hal_rcc.o
        88         24          0          0          0       5920   stm32f4xx_it.o
      2546        140          0          0          0      22607   stm32f4xx_ll_usb.o
        84         18         16          4          0       1143   system_stm32f4xx.o
        84         18          0          0        668        768   usb_device.o
       730         16          0        271          0      13402   usbd_cdc.o
       128         26          0         16       4096       3276   usbd_cdc_if.o
       654         18          0          0       1032      14788   usbd_conf.o
       696          0          0          0          0      12213   usbd_core.o
      1186         28          0          1          0       8072   usbd_ctlreq.o
       288        104          0         78        512       5869   usbd_desc.o
       132          0          0          0          0       4472   usbd_ioreq.o

    ----------------------------------------------------------------------
     14854        770        448        396       8788     864912   Object Totals
         0          0         32          0          0          0   (incl. Generated)
        22          0          0          6          0          0   (incl. Padding)

    ----------------------------------------------------------------------

      Code (inc. data)   RO Data    RW Data    ZI Data      Debug   Library Member Name

        86          0          0          0          0          0   __dczerorl2.o
         0          0          0          0          0          0   entry.o
         0          0          0          0          0          0   entry10a.o
         0          0          0          0          0          0   entry11a.o
         8          4          0          0          0          0   entry2.o
         4          0          0          0          0          0   entry5.o
         0          0          0          0          0          0   entry7b.o
         0          0          0          0          0          0   entry8b.o
         8          4          0          0          0          0   entry9a.o
        30          0          0          0          0          0   handlers.o
        36          8          0          0          0         68   init.o
        30          0          0          0          0         68   llshl.o
        32          0          0          0          0         68   llushr.o
       188         20          0          0          0        160   malloc.o
        36          0          0          0          0         68   memcpya.o
        36          0          0          0          0        108   memseta.o
         0          0          0          8          0          0   mvars.o
        98          0          0          0          0         92   uldiv.o

    ----------------------------------------------------------------------
       594         36          0          8          0        632   Library Totals
         2          0          0          0          0          0   (incl. Padding)

    ----------------------------------------------------------------------

      Code (inc. data)   RO Data    RW Data    ZI Data      Debug   Library Name

       592         36          0          8          0        632   mc_w.l

    ----------------------------------------------------------------------
       594         36          0          8          0        632   Library Totals

    ----------------------------------------------------------------------

==============================================================================


      Code (inc. data)   RO Data    RW Data    ZI Data      Debug   

     15448        806        448        404       8788     847168   Grand Totals
     15448        806        448        196       8788     847168   ELF Image Totals (compressed)
     15448        806        448        196          0          0   ROM Totals

==============================================================================

    Total RO  Size (Code + RO Data)                15896 (  15.52kB)
    Total RW  Size (RW Data + ZI Data)              9192 (   8.98kB)
    Total ROM Size (Code + RO Data + RW Data)      16092 (  15.71kB)

==============================================================================

